Archive member included to satisfy reference by file (symbol)

C:\Users\247680\Documents\wbudy123\Lib_EaBaseBoard\Debug\libLib_EaBaseBoard.a(joystick.o)
                              ./src/main.o (joystick_init)
C:\Users\247680\Documents\wbudy123\Lib_EaBaseBoard\Debug\libLib_EaBaseBoard.a(light.o)
                              ./src/main.o (light_init)
C:\Users\247680\Documents\wbudy123\Lib_EaBaseBoard\Debug\libLib_EaBaseBoard.a(oled.o)
                              ./src/main.o (oled_init)
C:\Users\247680\Documents\wbudy123\Lib_EaBaseBoard\Debug\libLib_EaBaseBoard.a(pca9532.o)
                              ./src/main.o (pca9532_init)
C:\Users\247680\Documents\wbudy123\Lib_EaBaseBoard\Debug\libLib_EaBaseBoard.a(temp.o)
                              ./src/main.o (temp_init)
C:\Users\247680\Documents\wbudy123\Lib_EaBaseBoard\Debug\libLib_EaBaseBoard.a(font5x7.o)
                              C:\Users\247680\Documents\wbudy123\Lib_EaBaseBoard\Debug\libLib_EaBaseBoard.a(oled.o) (font5x7)
C:\Users\247680\Documents\wbudy123\Lib_MCU\Debug\libLib_MCU.a(adc.o)
                              ./src/main.o (ADCInit)
C:\Users\247680\Documents\wbudy123\Lib_MCU\Debug\libLib_MCU.a(gpio.o)
                              ./src/main.o (GPIOInit)
C:\Users\247680\Documents\wbudy123\Lib_MCU\Debug\libLib_MCU.a(i2c.o)
                              ./src/main.o (I2CInit)
C:\Users\247680\Documents\wbudy123\Lib_MCU\Debug\libLib_MCU.a(ssp.o)
                              ./src/main.o (SSPInit)
C:\Users\247680\Documents\wbudy123\Lib_MCU\Debug\libLib_MCU.a(timer32.o)
                              ./src/main.o (delay32Ms)
C:\Users\247680\Documents\wbudy123\Lib_MCU\Debug\libLib_MCU.a(uart.o)
                              ./src/main.o (UARTInit)
C:\Users\247680\Documents\wbudy123\Lib_CMSISv1p30_LPC13xx\Debug\libLib_CMSISv1p30_LPC13xx.a(system_LPC13xx.o)
                              ./src/cr_startup_lpc13.o (SystemInit)
c:/nxp/mcuxpressoide_11.3.1_5262/ide/plugins/com.nxp.mcuxpresso.tools.win32_11.3.0.202008311133/tools/bin/../lib/gcc/arm-none-eabi/9.3.1/../../../../arm-none-eabi/lib/thumb/v7-m/nofp\libcr_semihost.a(_cr__main.o)
                              ./src/cr_startup_lpc13.o (__main)
c:/nxp/mcuxpressoide_11.3.1_5262/ide/plugins/com.nxp.mcuxpresso.tools.win32_11.3.0.202008311133/tools/bin/../lib/gcc/arm-none-eabi/9.3.1/../../../../arm-none-eabi/lib/thumb/v7-m/nofp\libcr_c.a(memset.o)
                              C:\Users\247680\Documents\wbudy123\Lib_EaBaseBoard\Debug\libLib_EaBaseBoard.a(oled.o) (memset)
c:/nxp/mcuxpressoide_11.3.1_5262/ide/plugins/com.nxp.mcuxpresso.tools.win32_11.3.0.202008311133/tools/bin/../lib/gcc/arm-none-eabi/9.3.1/../../../../arm-none-eabi/lib/thumb/v7-m/nofp\libcr_c.a(initio.o)
                              c:/nxp/mcuxpressoide_11.3.1_5262/ide/plugins/com.nxp.mcuxpresso.tools.win32_11.3.0.202008311133/tools/bin/../lib/gcc/arm-none-eabi/9.3.1/../../../../arm-none-eabi/lib/thumb/v7-m/nofp\libcr_semihost.a(_cr__main.o) (_initio)
c:/nxp/mcuxpressoide_11.3.1_5262/ide/plugins/com.nxp.mcuxpresso.tools.win32_11.3.0.202008311133/tools/bin/../lib/gcc/arm-none-eabi/9.3.1/../../../../arm-none-eabi/lib/thumb/v7-m/nofp\libcr_c.a(setvbuf.o)
                              c:/nxp/mcuxpressoide_11.3.1_5262/ide/plugins/com.nxp.mcuxpresso.tools.win32_11.3.0.202008311133/tools/bin/../lib/gcc/arm-none-eabi/9.3.1/../../../../arm-none-eabi/lib/thumb/v7-m/nofp\libcr_c.a(initio.o) (setvbuf)
c:/nxp/mcuxpressoide_11.3.1_5262/ide/plugins/com.nxp.mcuxpresso.tools.win32_11.3.0.202008311133/tools/bin/../lib/gcc/arm-none-eabi/9.3.1/../../../../arm-none-eabi/lib/thumb/v7-m/nofp\libcr_c.a(_fdopen.o)
                              c:/nxp/mcuxpressoide_11.3.1_5262/ide/plugins/com.nxp.mcuxpresso.tools.win32_11.3.0.202008311133/tools/bin/../lib/gcc/arm-none-eabi/9.3.1/../../../../arm-none-eabi/lib/thumb/v7-m/nofp\libcr_c.a(initio.o) (_fdopen)
c:/nxp/mcuxpressoide_11.3.1_5262/ide/plugins/com.nxp.mcuxpresso.tools.win32_11.3.0.202008311133/tools/bin/../lib/gcc/arm-none-eabi/9.3.1/../../../../arm-none-eabi/lib/thumb/v7-m/nofp\libcr_c.a(fclose.o)
                              c:/nxp/mcuxpressoide_11.3.1_5262/ide/plugins/com.nxp.mcuxpresso.tools.win32_11.3.0.202008311133/tools/bin/../lib/gcc/arm-none-eabi/9.3.1/../../../../arm-none-eabi/lib/thumb/v7-m/nofp\libcr_c.a(initio.o) (fclose)
c:/nxp/mcuxpressoide_11.3.1_5262/ide/plugins/com.nxp.mcuxpresso.tools.win32_11.3.0.202008311133/tools/bin/../lib/gcc/arm-none-eabi/9.3.1/../../../../arm-none-eabi/lib/thumb/v7-m/nofp\libcr_c.a(fflush.o)
                              c:/nxp/mcuxpressoide_11.3.1_5262/ide/plugins/com.nxp.mcuxpresso.tools.win32_11.3.0.202008311133/tools/bin/../lib/gcc/arm-none-eabi/9.3.1/../../../../arm-none-eabi/lib/thumb/v7-m/nofp\libcr_c.a(fclose.o) (fflush)
[...]
Memory Configuration

Name             Origin             Length             Attributes
MFlash32         0x00000000         0x00008000         xr
RamLoc8          0x10000000         0x00002000         xrw
*default*        0x00000000         0xffffffff

Linker script and memory map

LOAD ./src/cr_startup_lpc13.o
LOAD ./src/main.o
LOAD C:\Users\247680\Documents\wbudy123\Lib_EaBaseBoard\Debug\libLib_EaBaseBoard.a
LOAD C:\Users\247680\Documents\wbudy123\Lib_MCU\Debug\libLib_MCU.a
LOAD C:\Users\247680\Documents\wbudy123\Lib_CMSISv1p30_LPC13xx\Debug\libLib_CMSISv1p30_LPC13xx.a
START GROUP
LOAD c:/nxp/mcuxpressoide_11.3.1_5262/ide/plugins/com.nxp.mcuxpresso.tools.win32_11.3.0.202008311133/tools/bin/../lib/gcc/arm-none-eabi/9.3.1/../../../../arm-none-eabi/lib/thumb/v7-m/nofp\libcr_semihost.a
LOAD c:/nxp/mcuxpressoide_11.3.1_5262/ide/plugins/com.nxp.mcuxpresso.tools.win32_11.3.0.202008311133/tools/bin/../lib/gcc/arm-none-eabi/9.3.1/../../../../arm-none-eabi/lib/thumb/v7-m/nofp\libcr_c.a
LOAD c:/nxp/mcuxpressoide_11.3.1_5262/ide/plugins/com.nxp.mcuxpresso.tools.win32_11.3.0.202008311133/tools/bin/../lib/gcc/arm-none-eabi/9.3.1/thumb/v7-m/nofp\libcr_eabihelpers.a
LOAD c:/nxp/mcuxpressoide_11.3.1_5262/ide/plugins/com.nxp.mcuxpresso.tools.win32_11.3.0.202008311133/tools/bin/../lib/gcc/arm-none-eabi/9.3.1/thumb/v7-m/nofp\libgcc.a
END GROUP
                0x00000000                __base_MFlash32 = 0x0
                0x00000000                __base_Flash = 0x0
                0x00008000                __top_MFlash32 = 0x8000
                0x00008000                __top_Flash = 0x8000
                0x10000000                __base_RamLoc8 = 0x10000000
                0x10000000                __base_RAM = 0x10000000
                0x10002000                __top_RamLoc8 = 0x10002000
                0x10002000                __top_RAM = 0x10002000

.text           0x00000000     0x2ee4
 FILL mask 0xff
                0x00000000                __vectors_start__ = ABSOLUTE (.)
 *(.isr_vector)
 .isr_vector    0x00000000      0x124 ./src/cr_startup_lpc13.o
                0x00000000                g_pfnVectors
                0x00000124                . = ALIGN (0x4)
                0x00000124                __section_table_start = .
                0x00000124                __data_section_table = .
                0x00000124        0x4 LONG 0x2ee4 LOADADDR (.data)
                0x00000128        0x4 LONG 0x10000000 ADDR (.data)
                0x0000012c        0x4 LONG 0xc SIZEOF (.data)
                0x00000130                __data_section_table_end = .
                0x00000130                __bss_section_table = .
                0x00000130        0x4 LONG 0x1000000c ADDR (.bss)
                0x00000134        0x4 LONG 0x548 SIZEOF (.bss)
                0x00000138                __bss_section_table_end = .
                0x00000138                __section_table_end = .
 *(.after_vectors*)
 *(.text*)
 .text.NMI_Handler
                0x00000138        0x2 ./src/cr_startup_lpc13.o
                0x00000138                NMI_Handler
 .text.HardFault_Handler
                0x0000013a        0x2 ./src/cr_startup_lpc13.o
                0x0000013a                HardFault_Handler
 .text.MemManage_Handler
                0x0000013c        0x2 ./src/cr_startup_lpc13.o
                0x0000013c                MemManage_Handler
 .text.BusFault_Handler
                0x0000013e        0x2 ./src/cr_startup_lpc13.o
                0x0000013e                BusFault_Handler
 .text.UsageFault_Handler
                0x00000140        0x2 ./src/cr_startup_lpc13.o
                0x00000140                UsageFault_Handler
 .text.SVCall_Handler
                0x00000142        0x2 ./src/cr_startup_lpc13.o
                0x00000142                SVCall_Handler
 .text.DebugMon_Handler
                0x00000144        0x2 ./src/cr_startup_lpc13.o
                0x00000144                DebugMon_Handler
 .text.PendSV_Handler
                0x00000146        0x2 ./src/cr_startup_lpc13.o
                0x00000146                PendSV_Handler
 .text.IntDefaultHandler
                0x00000148        0x2 ./src/cr_startup_lpc13.o
                0x00000148                TIMER16_0_IRQHandler
                0x00000148                UART_IRQHandler
                0x00000148                TIMER32_0_IRQHandler
                0x00000148                TIMER32_1_IRQHandler
                0x00000148                IntDefaultHandler
                0x00000148                PIOINT1_IRQHandler
                0x00000148                TIMER16_1_IRQHandler
                0x00000148                USB_FIQHandler
                0x00000148                ADC_IRQHandler
                0x00000148                PIOINT2_IRQHandler
                0x00000148                USB_IRQHandler
                0x00000148                BOD_IRQHandler
                0x00000148                WAKEUP_IRQHandler
                0x00000148                PIOINT0_IRQHandler
                0x00000148                WDT_IRQHandler
                0x00000148                PIOINT3_IRQHandler
                0x00000148                FMC_IRQHandler
 *fill*         0x0000014a        0x2 ff
 .text.ResetISR
                0x0000014c       0x58 ./src/cr_startup_lpc13.o
                0x0000014c                ResetISR
 .text.intToString
                0x000001a4       0x58 ./src/main.o
 .text.getTicks
                0x000001fc        0xc ./src/main.o
 .text.SysTick_Handler
                0x00000208       0x10 ./src/main.o
                0x00000208                SysTick_Handler
 .text.main     0x00000218      0x28c ./src/main.o
                0x00000218                main
 .text.joystick_init
                0x000004a4       0x3a C:\Users\247680\Documents\wbudy123\Lib_EaBaseBoard\Debug\libLib_EaBaseBoard.a(joystick.o)
                0x000004a4                joystick_init
 .text.joystick_read
                0x000004de       0x82 C:\Users\247680\Documents\wbudy123\Lib_EaBaseBoard\Debug\libLib_EaBaseBoard.a(joystick.o)
                0x000004de                joystick_read
 .text.readControlReg
                0x00000560       0x2c C:\Users\247680\Documents\wbudy123\Lib_EaBaseBoard\Debug\libLib_EaBaseBoard.a(light.o)
 .text.light_init
                0x0000058c        0xc C:\Users\247680\Documents\wbudy123\Lib_EaBaseBoard\Debug\libLib_EaBaseBoard.a(light.o)
                0x0000058c                light_init
 .text.light_enable
                0x00000598       0x3c C:\Users\247680\Documents\wbudy123\Lib_EaBaseBoard\Debug\libLib_EaBaseBoard.a(light.o)
                0x00000598                light_enable
 .text.light_read
                0x000005d4       0x74 C:\Users\247680\Documents\wbudy123\Lib_EaBaseBoard\Debug\libLib_EaBaseBoard.a(light.o)
                0x000005d4                light_read
 .text.light_setRange
                0x00000648       0x90 C:\Users\247680\Documents\wbudy123\Lib_EaBaseBoard\Debug\libLib_EaBaseBoard.a(light.o)
                0x00000648                light_setRange
 .text.writeCommand
                0x000006d8       0x3a C:\Users\247680\Documents\wbudy123\Lib_EaBaseBoard\Debug\libLib_EaBaseBoard.a(oled.o)
 .text.writeData
                0x00000712       0x3a C:\Users\247680\Documents\wbudy123\Lib_EaBaseBoard\Debug\libLib_EaBaseBoard.a(oled.o)
 .text.writeDataLen
                0x0000074c       0x68 C:\Users\247680\Documents\wbudy123\Lib_EaBaseBoard\Debug\libLib_EaBaseBoard.a(oled.o)
 .text.runInitSequence
                0x000007b4       0xd4 C:\Users\247680\Documents\wbudy123\Lib_EaBaseBoard\Debug\libLib_EaBaseBoard.a(oled.o)
 .text.hLine    0x00000888       0x58 C:\Users\247680\Documents\wbudy123\Lib_EaBaseBoard\Debug\libLib_EaBaseBoard.a(oled.o)
 .text.vLine    0x000008e0       0x56 C:\Users\247680\Documents\wbudy123\Lib_EaBaseBoard\Debug\libLib_EaBaseBoard.a(oled.o)
 *fill*         0x00000936        0x2 ff
 .text.oled_init
                0x00000938       0x84 C:\Users\247680\Documents\wbudy123\Lib_EaBaseBoard\Debug\libLib_EaBaseBoard.a(oled.o)
                0x00000938                oled_init
 .text.oled_putPixel
                0x000009bc      0x150 C:\Users\247680\Documents\wbudy123\Lib_EaBaseBoard\Debug\libLib_EaBaseBoard.a(oled.o)
                0x000009bc                oled_putPixel
 .text.oled_fillRect
                0x00000b0c       0x9e C:\Users\247680\Documents\wbudy123\Lib_EaBaseBoard\Debug\libLib_EaBaseBoard.a(oled.o)
                0x00000b0c                oled_fillRect
 *fill*         0x00000baa        0x2 ff
 .text.oled_clearScreen
                0x00000bac       0x64 C:\Users\247680\Documents\wbudy123\Lib_EaBaseBoard\Debug\libLib_EaBaseBoard.a(oled.o)
                0x00000bac                oled_clearScreen
 .text.oled_putChar
                0x00000c10       0xd8 C:\Users\247680\Documents\wbudy123\Lib_EaBaseBoard\Debug\libLib_EaBaseBoard.a(oled.o)
                0x00000c10                oled_putChar
 .text.oled_putString
                0x00000ce8       0x52 C:\Users\247680\Documents\wbudy123\Lib_EaBaseBoard\Debug\libLib_EaBaseBoard.a(oled.o)
                0x00000ce8                oled_putString
 .text.setLsStates
                0x00000d3a       0xa6 C:\Users\247680\Documents\wbudy123\Lib_EaBaseBoard\Debug\libLib_EaBaseBoard.a(pca9532.o)
 .text.setLeds  0x00000de0       0x70 C:\Users\247680\Documents\wbudy123\Lib_EaBaseBoard\Debug\libLib_EaBaseBoard.a(pca9532.o)
 .text.pca9532_init
                0x00000e50        0xc C:\Users\247680\Documents\wbudy123\Lib_EaBaseBoard\Debug\libLib_EaBaseBoard.a(pca9532.o)
                0x00000e50                pca9532_init
 .text.pca9532_setLeds
                0x00000e5c       0x80 C:\Users\247680\Documents\wbudy123\Lib_EaBaseBoard\Debug\libLib_EaBaseBoard.a(pca9532.o)
                0x00000e5c                pca9532_setLeds
 .text.temp_init
                0x00000edc       0x24 C:\Users\247680\Documents\wbudy123\Lib_EaBaseBoard\Debug\libLib_EaBaseBoard.a(temp.o)
                0x00000edc                temp_init
 .text.temp_read
                0x00000f00       0xf8 C:\Users\247680\Documents\wbudy123\Lib_EaBaseBoard\Debug\libLib_EaBaseBoard.a(temp.o)
                0x00000f00                temp_read
 .text.ADCInit  0x00000ff8       0x9c C:\Users\247680\Documents\wbudy123\Lib_MCU\Debug\libLib_MCU.a(adc.o)
                0x00000ff8                ADCInit
 .text.ADCRead  0x00001094       0x88 C:\Users\247680\Documents\wbudy123\Lib_MCU\Debug\libLib_MCU.a(adc.o)
                0x00001094                ADCRead
 .text.NVIC_EnableIRQ
                0x0000111c       0x30 C:\Users\247680\Documents\wbudy123\Lib_MCU\Debug\libLib_MCU.a(gpio.o)
 .text.GPIOInit
                0x0000114c       0x8c C:\Users\247680\Documents\wbudy123\Lib_MCU\Debug\libLib_MCU.a(gpio.o)
                0x0000114c                GPIOInit
 .text.GPIOSetDir
                0x000011d8      0x230 C:\Users\247680\Documents\wbudy123\Lib_MCU\Debug\libLib_MCU.a(gpio.o)
                0x000011d8                GPIOSetDir
 .text.GPIOSetValue
                0x00001408      0x160 C:\Users\247680\Documents\wbudy123\Lib_MCU\Debug\libLib_MCU.a(gpio.o)
                0x00001408                GPIOSetValue
 .text.GPIOGetValue
                0x00001568       0xd0 C:\Users\247680\Documents\wbudy123\Lib_MCU\Debug\libLib_MCU.a(gpio.o)
                0x00001568                GPIOGetValue
 .text.NVIC_EnableIRQ
                0x00001638       0x30 C:\Users\247680\Documents\wbudy123\Lib_MCU\Debug\libLib_MCU.a(i2c.o)
 .text.I2C_IRQHandler
                0x00001668      0x310 C:\Users\247680\Documents\wbudy123\Lib_MCU\Debug\libLib_MCU.a(i2c.o)
                0x00001668                I2C_IRQHandler
 .text.I2CStart
                0x00001978       0x4c C:\Users\247680\Documents\wbudy123\Lib_MCU\Debug\libLib_MCU.a(i2c.o)
                0x00001978                I2CStart
 .text.I2CStop  0x000019c4       0x2e C:\Users\247680\Documents\wbudy123\Lib_MCU\Debug\libLib_MCU.a(i2c.o)
                0x000019c4                I2CStop
 *fill*         0x000019f2        0x2 ff
 .text.I2CInit  0x000019f4       0xa0 C:\Users\247680\Documents\wbudy123\Lib_MCU\Debug\libLib_MCU.a(i2c.o)
                0x000019f4                I2CInit
 .text.I2CEngine
                0x00001a94       0x48 C:\Users\247680\Documents\wbudy123\Lib_MCU\Debug\libLib_MCU.a(i2c.o)
                0x00001a94                I2CEngine
 .text.I2CRead  0x00001adc       0x50 C:\Users\247680\Documents\wbudy123\Lib_MCU\Debug\libLib_MCU.a(i2c.o)
                0x00001adc                I2CRead
 .text.I2CWrite
                0x00001b2c       0x4c C:\Users\247680\Documents\wbudy123\Lib_MCU\Debug\libLib_MCU.a(i2c.o)
                0x00001b2c                I2CWrite
 .text.NVIC_EnableIRQ
                0x00001b78       0x30 C:\Users\247680\Documents\wbudy123\Lib_MCU\Debug\libLib_MCU.a(ssp.o)
 .text.SSP_IRQHandler
                0x00001ba8       0x70 C:\Users\247680\Documents\wbudy123\Lib_MCU\Debug\libLib_MCU.a(ssp.o)
                0x00001ba8                SSP_IRQHandler
 .text.SSPInit  0x00001c18       0xd4 C:\Users\247680\Documents\wbudy123\Lib_MCU\Debug\libLib_MCU.a(ssp.o)
                0x00001c18                SSPInit
 .text.SSPSend  0x00001cec       0x5c C:\Users\247680\Documents\wbudy123\Lib_MCU\Debug\libLib_MCU.a(ssp.o)
                0x00001cec                SSPSend
 .text.NVIC_EnableIRQ
                0x00001d48       0x30 C:\Users\247680\Documents\wbudy123\Lib_MCU\Debug\libLib_MCU.a(timer32.o)
 .text.delay32Ms
                0x00001d78       0xd0 C:\Users\247680\Documents\wbudy123\Lib_MCU\Debug\libLib_MCU.a(timer32.o)
                0x00001d78                delay32Ms
 .text.init_timer32
                0x00001e48      0x110 C:\Users\247680\Documents\wbudy123\Lib_MCU\Debug\libLib_MCU.a(timer32.o)
                0x00001e48                init_timer32
 .text.NVIC_DisableIRQ
                0x00001f58       0x34 C:\Users\247680\Documents\wbudy123\Lib_MCU\Debug\libLib_MCU.a(uart.o)
 .text.UARTInit
                0x00001f8c       0xec C:\Users\247680\Documents\wbudy123\Lib_MCU\Debug\libLib_MCU.a(uart.o)
                0x00001f8c                UARTInit
 .text.UARTSendString
                0x00002078       0x44 C:\Users\247680\Documents\wbudy123\Lib_MCU\Debug\libLib_MCU.a(uart.o)
                0x00002078                UARTSendString
 .text.SystemInit
                0x000020bc       0xc4 C:\Users\247680\Documents\wbudy123\Lib_CMSISv1p30_LPC13xx\Debug\libLib_CMSISv1p30_LPC13xx.a(system_LPC13xx.o)
                0x000020bc                SystemInit
 .text.__main   0x00002180        0xe c:/nxp/mcuxpressoide_11.3.1_5262/ide/plugins/com.nxp.mcuxpresso.tools.win32_11.3.0.202008311133/tools/bin/../lib/gcc/arm-none-eabi/9.3.1/../../../../arm-none-eabi/lib/thumb/v7-m/nofp\libcr_semihost.a(_cr__main.o)
                0x00002180                __CR_SEMIHOST
                0x00002180                __main
 .text.memset   0x0000218e        0x4 c:/nxp/mcuxpressoide_11.3.1_5262/ide/plugins/com.nxp.mcuxpresso.tools.win32_11.3.0.202008311133/tools/bin/../lib/gcc/arm-none-eabi/9.3.1/../../../../arm-none-eabi/lib/thumb/v7-m/nofp\libcr_c.a(memset.o)
                0x0000218e                memset
 *fill*         0x00002192        0x2 ff
 .text._initio  0x00002194       0x78 c:/nxp/mcuxpressoide_11.3.1_5262/ide/plugins/com.nxp.mcuxpresso.tools.win32_11.3.0.202008311133/tools/bin/../lib/gcc/arm-none-eabi/9.3.1/../../../../arm-none-eabi/lib/thumb/v7-m/nofp\libcr_c.a(initio.o)
                0x00002194                _initio
 .text.setvbuf  0x0000220c       0x3e c:/nxp/mcuxpressoide_11.3.1_5262/ide/plugins/com.nxp.mcuxpresso.tools.win32_11.3.0.202008311133/tools/bin/../lib/gcc/arm-none-eabi/9.3.1/../../../../arm-none-eabi/lib/thumb/v7-m/nofp\libcr_c.a(setvbuf.o)
                0x0000220c                setvbuf
 .text._fdopen  0x0000224a       0x68 c:/nxp/mcuxpressoide_11.3.1_5262/ide/plugins/com.nxp.mcuxpresso.tools.win32_11.3.0.202008311133/tools/bin/../lib/gcc/arm-none-eabi/9.3.1/../../../../arm-none-eabi/lib/thumb/v7-m/nofp\libcr_c.a(_fdopen.o)
                0x0000224a                _fdopen
 .text.fclose   0x000022b2       0x58 c:/nxp/mcuxpressoide_11.3.1_5262/ide/plugins/com.nxp.mcuxpresso.tools.win32_11.3.0.202008311133/tools/bin/../lib/gcc/arm-none-eabi/9.3.1/../../../../arm-none-eabi/lib/thumb/v7-m/nofp\libcr_c.a(fclose.o)
                0x000022b2                fclose
 *fill*         0x0000230a        0x2 ff
 .text.fflush   0x0000230c       0x44 c:/nxp/mcuxpressoide_11.3.1_5262/ide/plugins/com.nxp.mcuxpresso.tools.win32_11.3.0.202008311133/tools/bin/../lib/gcc/arm-none-eabi/9.3.1/../../../../arm-none-eabi/lib/thumb/v7-m/nofp\libcr_c.a(fflush.o)
                0x0000230c                fflush
 .text.fseek    0x00002350      0x100 c:/nxp/mcuxpressoide_11.3.1_5262/ide/plugins/com.nxp.mcuxpresso.tools.win32_11.3.0.202008311133/tools/bin/../lib/gcc/arm-none-eabi/9.3.1/../../../../arm-none-eabi/lib/thumb/v7-m/nofp\libcr_c.a(fseek.o)
                0x00002350                fseek
 .text.ftell    0x00002450       0x44 c:/nxp/mcuxpressoide_11.3.1_5262/ide/plugins/com.nxp.mcuxpresso.tools.win32_11.3.0.202008311133/tools/bin/../lib/gcc/arm-none-eabi/9.3.1/../../../../arm-none-eabi/lib/thumb/v7-m/nofp\libcr_c.a(ftell.o)
                0x00002450                ftell
 .text.remove   0x00002494       0x14 c:/nxp/mcuxpressoide_11.3.1_5262/ide/plugins/com.nxp.mcuxpresso.tools.win32_11.3.0.202008311133/tools/bin/../lib/gcc/arm-none-eabi/9.3.1/../../../../arm-none-eabi/lib/thumb/v7-m/nofp\libcr_c.a(remove.o)
                0x00002494                remove
 .text.strlen   0x000024a8       0x4c c:/nxp/mcuxpressoide_11.3.1_5262/ide/plugins/com.nxp.mcuxpresso.tools.win32_11.3.0.202008311133/tools/bin/../lib/gcc/arm-none-eabi/9.3.1/../../../../arm-none-eabi/lib/thumb/v7-m/nofp\libcr_c.a(strlen.o)
                0x000024a8                strlen
 .text._do_fflush
                0x000024f4       0x40 c:/nxp/mcuxpressoide_11.3.1_5262/ide/plugins/com.nxp.mcuxpresso.tools.win32_11.3.0.202008311133/tools/bin/../lib/gcc/arm-none-eabi/9.3.1/../../../../arm-none-eabi/lib/thumb/v7-m/nofp\libcr_c.a(_do_fflush.o)
                0x000024f4                _do_fflush
 .text._fflush  0x00002534       0x52 c:/nxp/mcuxpressoide_11.3.1_5262/ide/plugins/com.nxp.mcuxpresso.tools.win32_11.3.0.202008311133/tools/bin/../lib/gcc/arm-none-eabi/9.3.1/../../../../arm-none-eabi/lib/thumb/v7-m/nofp\libcr_c.a(_fflush.o)
                0x00002534                _fflush
 *fill*         0x00002586        0x2 ff
 .text._Cwritebuf
                0x00002588       0x6c c:/nxp/mcuxpressoide_11.3.1_5262/ide/plugins/com.nxp.mcuxpresso.tools.win32_11.3.0.202008311133/tools/bin/../lib/gcc/arm-none-eabi/9.3.1/../../../../arm-none-eabi/lib/thumb/v7-m/nofp\libcr_c.a(_writebuf.o)
                0x00002588                _Cwritebuf
 .text.free     0x000025f4       0x30 c:/nxp/mcuxpressoide_11.3.1_5262/ide/plugins/com.nxp.mcuxpresso.tools.win32_11.3.0.202008311133/tools/bin/../lib/gcc/arm-none-eabi/9.3.1/../../../../arm-none-eabi/lib/thumb/v7-m/nofp\libcr_c.a(alloc.o)
                0x000025f4                free
 .text._deferredlazyseek
                0x00002624       0x40 c:/nxp/mcuxpressoide_11.3.1_5262/ide/plugins/com.nxp.mcuxpresso.tools.win32_11.3.0.202008311133/tools/bin/../lib/gcc/arm-none-eabi/9.3.1/../../../../arm-none-eabi/lib/thumb/v7-m/nofp\libcr_c.a(_deferredlazyseek.o)
                0x00002624                _deferredlazyseek
 .text.__aeabi_dmul
                0x00002664      0x114 c:/nxp/mcuxpressoide_11.3.1_5262/ide/plugins/com.nxp.mcuxpresso.tools.win32_11.3.0.202008311133/tools/bin/../lib/gcc/arm-none-eabi/9.3.1/thumb/v7-m/nofp\libcr_eabihelpers.a(double.o)
                0x00002664                __aeabi_dmul
 .text.__aeabi_dsub
                0x00002778      0x1a8 c:/nxp/mcuxpressoide_11.3.1_5262/ide/plugins/com.nxp.mcuxpresso.tools.win32_11.3.0.202008311133/tools/bin/../lib/gcc/arm-none-eabi/9.3.1/thumb/v7-m/nofp\libcr_eabihelpers.a(double.o)
                0x00002778                __aeabi_dsub
 .text.__aeabi_dadd
                0x00002920      0x110 c:/nxp/mcuxpressoide_11.3.1_5262/ide/plugins/com.nxp.mcuxpresso.tools.win32_11.3.0.202008311133/tools/bin/../lib/gcc/arm-none-eabi/9.3.1/thumb/v7-m/nofp\libcr_eabihelpers.a(double.o)
                0x00002920                __aeabi_dadd
 .text.__aeabi_d2iz
                0x00002a30       0x42 c:/nxp/mcuxpressoide_11.3.1_5262/ide/plugins/com.nxp.mcuxpresso.tools.win32_11.3.0.202008311133/tools/bin/../lib/gcc/arm-none-eabi/9.3.1/thumb/v7-m/nofp\libcr_eabihelpers.a(double.o)
                0x00002a30                __aeabi_d2iz
 .text.__bhs_ui2d
                0x00002a72       0x46 c:/nxp/mcuxpressoide_11.3.1_5262/ide/plugins/com.nxp.mcuxpresso.tools.win32_11.3.0.202008311133/tools/bin/../lib/gcc/arm-none-eabi/9.3.1/thumb/v7-m/nofp\libcr_eabihelpers.a(double.o)
                0x00002a72                __bhs_ui2d
 .text.__aeabi_i2d
                0x00002ab8       0x12 c:/nxp/mcuxpressoide_11.3.1_5262/ide/plugins/com.nxp.mcuxpresso.tools.win32_11.3.0.202008311133/tools/bin/../lib/gcc/arm-none-eabi/9.3.1/thumb/v7-m/nofp\libcr_eabihelpers.a(double.o)
                0x00002ab8                __aeabi_i2d
 .text.__aeabi_memset_lowlevel
                0x00002aca       0x32 c:/nxp/mcuxpressoide_11.3.1_5262/ide/plugins/com.nxp.mcuxpresso.tools.win32_11.3.0.202008311133/tools/bin/../lib/gcc/arm-none-eabi/9.3.1/thumb/v7-m/nofp\libcr_eabihelpers.a(memcpy.o)
                0x00002aca                __aeabi_lowlevel_memset
 .text.__sys_close
                0x00002afc        0xc c:/nxp/mcuxpressoide_11.3.1_5262/ide/plugins/com.nxp.mcuxpresso.tools.win32_11.3.0.202008311133/tools/bin/../lib/gcc/arm-none-eabi/9.3.1/../../../../arm-none-eabi/lib/thumb/v7-m/nofp\libcr_semihost.a(__sys_close.o)
                0x00002afc                __sys_close
 .text.__sys_flen
                0x00002b08        0xc c:/nxp/mcuxpressoide_11.3.1_5262/ide/plugins/com.nxp.mcuxpresso.tools.win32_11.3.0.202008311133/tools/bin/../lib/gcc/arm-none-eabi/9.3.1/../../../../arm-none-eabi/lib/thumb/v7-m/nofp\libcr_semihost.a(__sys_flen.o)
                0x00002b08                __sys_flen
 .text.__sys_istty
                0x00002b14        0xc c:/nxp/mcuxpressoide_11.3.1_5262/ide/plugins/com.nxp.mcuxpresso.tools.win32_11.3.0.202008311133/tools/bin/../lib/gcc/arm-none-eabi/9.3.1/../../../../arm-none-eabi/lib/thumb/v7-m/nofp\libcr_semihost.a(__sys_istty.o)
                0x00002b14                __sys_istty
 .text.__sys_remove
                0x00002b20        0xc c:/nxp/mcuxpressoide_11.3.1_5262/ide/plugins/com.nxp.mcuxpresso.tools.win32_11.3.0.202008311133/tools/bin/../lib/gcc/arm-none-eabi/9.3.1/../../../../arm-none-eabi/lib/thumb/v7-m/nofp\libcr_semihost.a(__sys_remove.o)
                0x00002b20                __sys_remove
 .text.__sys_seek
                0x00002b2c        0xc c:/nxp/mcuxpressoide_11.3.1_5262/ide/plugins/com.nxp.mcuxpresso.tools.win32_11.3.0.202008311133/tools/bin/../lib/gcc/arm-none-eabi/9.3.1/../../../../arm-none-eabi/lib/thumb/v7-m/nofp\libcr_semihost.a(__sys_seek.o)
                0x00002b2c                __sys_seek
 .text.__sys_tmpnam
                0x00002b38        0xc c:/nxp/mcuxpressoide_11.3.1_5262/ide/plugins/com.nxp.mcuxpresso.tools.win32_11.3.0.202008311133/tools/bin/../lib/gcc/arm-none-eabi/9.3.1/../../../../arm-none-eabi/lib/thumb/v7-m/nofp\libcr_semihost.a(__sys_tmpnam.o)
                0x00002b38                __sys_tmpnam
 .text.__sys_write
                0x00002b44        0xc c:/nxp/mcuxpressoide_11.3.1_5262/ide/plugins/com.nxp.mcuxpresso.tools.win32_11.3.0.202008311133/tools/bin/../lib/gcc/arm-none-eabi/9.3.1/../../../../arm-none-eabi/lib/thumb/v7-m/nofp\libcr_semihost.a(__sys_write.o)
                0x00002b44                __sys_write
 *(.rodata .rodata.* .constdata .constdata.*)
 .rodata.str1.4
                0x00002b50       0x84 ./src/main.o
 .rodata        0x00002bd4        0x8 C:\Users\247680\Documents\wbudy123\Lib_EaBaseBoard\Debug\libLib_EaBaseBoard.a(oled.o)
 .rodata        0x00002bdc      0x300 C:\Users\247680\Documents\wbudy123\Lib_EaBaseBoard\Debug\libLib_EaBaseBoard.a(font5x7.o)
                0x00002bdc                font5x7
 .rodata._initio.str1.1
                0x00002edc        0x4 c:/nxp/mcuxpressoide_11.3.1_5262/ide/plugins/com.nxp.mcuxpresso.tools.win32_11.3.0.202008311133/tools/bin/../lib/gcc/arm-none-eabi/9.3.1/../../../../arm-none-eabi/lib/thumb/v7-m/nofp\libcr_c.a(initio.o)
 .rodata.__num_Ciob_streams
                0x00002ee0        0x4 c:/nxp/mcuxpressoide_11.3.1_5262/ide/plugins/com.nxp.mcuxpresso.tools.win32_11.3.0.202008311133/tools/bin/../lib/gcc/arm-none-eabi/9.3.1/../../../../arm-none-eabi/lib/thumb/v7-m/nofp\libcr_semihost.a(__ciob.o)
                0x00002ee0                __num_Ciob_streams
                0x00002ee4                . = ALIGN (0x4)

.glue_7         0x00002ee4        0x0
 .glue_7        0x00002ee4        0x0 linker stubs

.glue_7t        0x00002ee4        0x0
 .glue_7t       0x00002ee4        0x0 linker stubs

.vfp11_veneer   0x00002ee4        0x0
 .vfp11_veneer  0x00002ee4        0x0 linker stubs

.v4_bx          0x00002ee4        0x0
 .v4_bx         0x00002ee4        0x0 linker stubs

.iplt           0x00002ee4        0x0
 .iplt          0x00002ee4        0x0 ./src/cr_startup_lpc13.o

.rel.dyn        0x00002ee4        0x0
 .rel.iplt      0x00002ee4        0x0 ./src/cr_startup_lpc13.o

.ARM.extab
 *(.ARM.extab* .gnu.linkonce.armextab.*)

.ARM.exidx      0x00002ee4        0x0
                0x00002ee4                __exidx_start = .
 *(.ARM.exidx* .gnu.linkonce.armexidx.*)
                0x00002ee4                __exidx_end = .
                0x00002ee4                _etext = .

.uninit_RESERVED
                0x10000000        0x0
                0x10000000                _start_uninit_RESERVED = .
 *(.bss.$RESERVED*)
                0x10000000                . = ALIGN (0x4)
                0x10000000                _end_uninit_RESERVED = .

.data           0x10000000        0xc load address 0x00002ee4
 FILL mask 0xff
                0x10000000                _data = .
                [!provide]                PROVIDE (__start_data_RAM = .)
                [!provide]                PROVIDE (__start_data_RamLoc8 = .)
 *(vtable)
 *(.ramfunc*)
 *(CodeQuickAccess)
 *(DataQuickAccess)
 *(RamFunction)
 *(.data*)
 .data          0x10000000        0x8 C:\Users\247680\Documents\wbudy123\Lib_EaBaseBoard\Debug\libLib_EaBaseBoard.a(light.o)
 .data          0x10000008        0x4 C:\Users\247680\Documents\wbudy123\Lib_CMSISv1p30_LPC13xx\Debug\libLib_CMSISv1p30_LPC13xx.a(system_LPC13xx.o)
                0x10000008                SystemCoreClock
                0x1000000c                . = ALIGN (0x4)
                0x1000000c                _edata = .
                [!provide]                PROVIDE (__end_data_RAM = .)
                [!provide]                PROVIDE (__end_data_RamLoc8 = .)

.igot.plt       0x1000000c        0x0 load address 0x00002ef0
 .igot.plt      0x1000000c        0x0 ./src/cr_startup_lpc13.o

.bss            0x1000000c      0x548
                0x1000000c                _bss = .
                [!provide]                PROVIDE (__start_bss_RAM = .)
                [!provide]                PROVIDE (__start_bss_RamLoc8 = .)
 *(.bss*)
 .bss           0x1000000c        0xe ./src/main.o
 *fill*         0x1000001a        0x2 
 .bss           0x1000001c      0x300 C:\Users\247680\Documents\wbudy123\Lib_EaBaseBoard\Debug\libLib_EaBaseBoard.a(oled.o)
 .bss           0x1000031c        0x6 C:\Users\247680\Documents\wbudy123\Lib_EaBaseBoard\Debug\libLib_EaBaseBoard.a(pca9532.o)
 *fill*         0x10000322        0x2 
 .bss           0x10000324        0x4 C:\Users\247680\Documents\wbudy123\Lib_EaBaseBoard\Debug\libLib_EaBaseBoard.a(temp.o)
 .bss           0x10000328       0x10 C:\Users\247680\Documents\wbudy123\Lib_MCU\Debug\libLib_MCU.a(gpio.o)
 .bss           0x10000338       0x29 C:\Users\247680\Documents\wbudy123\Lib_MCU\Debug\libLib_MCU.a(i2c.o)
 *fill*         0x10000361        0x3 
 .bss           0x10000364        0xc C:\Users\247680\Documents\wbudy123\Lib_MCU\Debug\libLib_MCU.a(ssp.o)
                0x10000364                interruptRxStat
                0x10000368                interruptOverRunStat
                0x1000036c                interruptRxTimeoutStat
 .bss.errno     0x10000370        0x4 c:/nxp/mcuxpressoide_11.3.1_5262/ide/plugins/com.nxp.mcuxpresso.tools.win32_11.3.0.202008311133/tools/bin/../lib/gcc/arm-none-eabi/9.3.1/../../../../arm-none-eabi/lib/thumb/v7-m/nofp\libcr_c.a(errno.o)
                0x10000370                errno
 .bss.__Ciob    0x10000374      0x1e0 c:/nxp/mcuxpressoide_11.3.1_5262/ide/plugins/com.nxp.mcuxpresso.tools.win32_11.3.0.202008311133/tools/bin/../lib/gcc/arm-none-eabi/9.3.1/../../../../arm-none-eabi/lib/thumb/v7-m/nofp\libcr_semihost.a(__ciob.o)
                0x10000374                __Ciob
 *(COMMON)
                0x10000554                . = ALIGN (0x4)
                0x10000554                _ebss = .
                [!provide]                PROVIDE (__end_bss_RAM = .)
                [!provide]                PROVIDE (__end_bss_RamLoc8 = .)
                [!provide]                PROVIDE (end = .)

.noinit         0x10000554        0x0
                0x10000554                _noinit = .
                [!provide]                PROVIDE (__start_noinit_RAM = .)
                [!provide]                PROVIDE (__start_noinit_RamLoc8 = .)
 *(.noinit*)
                0x10000554                . = ALIGN (0x4)
                0x10000554                _end_noinit = .
                [!provide]                PROVIDE (__end_noinit_RAM = .)
                [!provide]                PROVIDE (__end_noinit_RamLoc8 = .)
                0x10000554                PROVIDE (_pvHeapStart = DEFINED (__user_heap_base)?__user_heap_base:.)
                0x10002000                PROVIDE (_vStackTop = DEFINED (__user_stack_top)?__user_stack_top:(__top_RamLoc8 - 0x0))
                [!provide]                PROVIDE (__valid_user_code_checksum = (0x0 - ((((((_vStackTop + (ResetISR + 0x1)) + (NMI_Handler + 0x1)) + (HardFault_Handler + 0x1)) + (DEFINED (MemManage_Handler)?MemManage_Handler:0x0 + 0x1)) + (DEFINED (BusFault_Handler)?BusFault_Handler:0x0 + 0x1)) + (DEFINED (UsageFault_Handler)?UsageFault_Handler:0x0 + 0x1))))
                0x00000000                _image_start = LOADADDR (.text)
                0x00002ef0                _image_end = (LOADADDR (.data) + SIZEOF (.data))
                0x00002ef0                _image_size = (_image_end - _image_start)
OUTPUT(Weather_station.axf elf32-littlearm)
LOAD linker stubs

.debug_info     0x00000000     0x7615
 .debug_info    0x00000000      0x256 ./src/cr_startup_lpc13.o
 .debug_info    0x00000256     0x12db ./src/main.o
 .debug_info    0x00001531      0x11a C:\Users\247680\Documents\wbudy123\Lib_EaBaseBoard\Debug\libLib_EaBaseBoard.a(joystick.o)
 .debug_info    0x0000164b      0x4e9 C:\Users\247680\Documents\wbudy123\Lib_EaBaseBoard\Debug\libLib_EaBaseBoard.a(light.o)
 .debug_info    0x00001b34      0x866 C:\Users\247680\Documents\wbudy123\Lib_EaBaseBoard\Debug\libLib_EaBaseBoard.a(oled.o)
 .debug_info    0x0000239a      0x3bc C:\Users\247680\Documents\wbudy123\Lib_EaBaseBoard\Debug\libLib_EaBaseBoard.a(pca9532.o)
 .debug_info    0x00002756      0x2a3 C:\Users\247680\Documents\wbudy123\Lib_EaBaseBoard\Debug\libLib_EaBaseBoard.a(temp.o)
 .debug_info    0x000029f9       0x62 C:\Users\247680\Documents\wbudy123\Lib_EaBaseBoard\Debug\libLib_EaBaseBoard.a(font5x7.o)
 .debug_info    0x00002a5b      0x8be C:\Users\247680\Documents\wbudy123\Lib_MCU\Debug\libLib_MCU.a(adc.o)
 .debug_info    0x00003319      0xb6e C:\Users\247680\Documents\wbudy123\Lib_MCU\Debug\libLib_MCU.a(gpio.o)
 .debug_info    0x00003e87      0xd46 C:\Users\247680\Documents\wbudy123\Lib_MCU\Debug\libLib_MCU.a(i2c.o)
 .debug_info    0x00004bcd      0xbe3 C:\Users\247680\Documents\wbudy123\Lib_MCU\Debug\libLib_MCU.a(ssp.o)
 .debug_info    0x000057b0      0xc59 C:\Users\247680\Documents\wbudy123\Lib_MCU\Debug\libLib_MCU.a(timer32.o)
 .debug_info    0x00006409      0xcba C:\Users\247680\Documents\wbudy123\Lib_MCU\Debug\libLib_MCU.a(uart.o)
 .debug_info    0x000070c3      0x552 C:\Users\247680\Documents\wbudy123\Lib_CMSISv1p30_LPC13xx\Debug\libLib_CMSISv1p30_LPC13xx.a(system_LPC13xx.o)

.debug_abbrev   0x00000000     0x1a08
 .debug_abbrev  0x00000000      0x10b ./src/cr_startup_lpc13.o
 .debug_abbrev  0x0000010b      0x34f ./src/main.o
 .debug_abbrev  0x0000045a       0xd0 C:\Users\247680\Documents\wbudy123\Lib_EaBaseBoard\Debug\libLib_EaBaseBoard.a(joystick.o)
 .debug_abbrev  0x0000052a      0x1d6 C:\Users\247680\Documents\wbudy123\Lib_EaBaseBoard\Debug\libLib_EaBaseBoard.a(light.o)
 .debug_abbrev  0x00000700      0x1e2 C:\Users\247680\Documents\wbudy123\Lib_EaBaseBoard\Debug\libLib_EaBaseBoard.a(oled.o)
 .debug_abbrev  0x000008e2      0x19a C:\Users\247680\Documents\wbudy123\Lib_EaBaseBoard\Debug\libLib_EaBaseBoard.a(pca9532.o)
 .debug_abbrev  0x00000a7c      0x183 C:\Users\247680\Documents\wbudy123\Lib_EaBaseBoard\Debug\libLib_EaBaseBoard.a(temp.o)
 .debug_abbrev  0x00000bff       0x4a C:\Users\247680\Documents\wbudy123\Lib_EaBaseBoard\Debug\libLib_EaBaseBoard.a(font5x7.o)
 .debug_abbrev  0x00000c49      0x19e C:\Users\247680\Documents\wbudy123\Lib_MCU\Debug\libLib_MCU.a(adc.o)
 .debug_abbrev  0x00000de7      0x276 C:\Users\247680\Documents\wbudy123\Lib_MCU\Debug\libLib_MCU.a(gpio.o)
 .debug_abbrev  0x0000105d      0x260 C:\Users\247680\Documents\wbudy123\Lib_MCU\Debug\libLib_MCU.a(i2c.o)
 .debug_abbrev  0x000012bd      0x210 C:\Users\247680\Documents\wbudy123\Lib_MCU\Debug\libLib_MCU.a(ssp.o)
 .debug_abbrev  0x000014cd      0x1db C:\Users\247680\Documents\wbudy123\Lib_MCU\Debug\libLib_MCU.a(timer32.o)
 .debug_abbrev  0x000016a8      0x220 C:\Users\247680\Documents\wbudy123\Lib_MCU\Debug\libLib_MCU.a(uart.o)
 .debug_abbrev  0x000018c8      0x140 C:\Users\247680\Documents\wbudy123\Lib_CMSISv1p30_LPC13xx\Debug\libLib_CMSISv1p30_LPC13xx.a(system_LPC13xx.o)

.debug_loc      0x00000000      0x68c
 .debug_loc     0x00000000       0x31 ./src/cr_startup_lpc13.o
 .debug_loc     0x00000031      0x389 ./src/main.o
 .debug_loc     0x000003ba      0x2d2 C:\Users\247680\Documents\wbudy123\Lib_CMSISv1p30_LPC13xx\Debug\libLib_CMSISv1p30_LPC13xx.a(system_LPC13xx.o)

.debug_aranges  0x00000000      0x480
 .debug_aranges
                0x00000000       0x70 ./src/cr_startup_lpc13.o
 .debug_aranges
                0x00000070       0x38 ./src/main.o
 .debug_aranges
                0x000000a8       0x28 C:\Users\247680\Documents\wbudy123\Lib_EaBaseBoard\Debug\libLib_EaBaseBoard.a(joystick.o)
 .debug_aranges
                0x000000d0       0x88 C:\Users\247680\Documents\wbudy123\Lib_EaBaseBoard\Debug\libLib_EaBaseBoard.a(light.o)
 .debug_aranges
                0x00000158       0x90 C:\Users\247680\Documents\wbudy123\Lib_EaBaseBoard\Debug\libLib_EaBaseBoard.a(oled.o)
 .debug_aranges
                0x000001e8       0x70 C:\Users\247680\Documents\wbudy123\Lib_EaBaseBoard\Debug\libLib_EaBaseBoard.a(pca9532.o)
 .debug_aranges
                0x00000258       0x28 C:\Users\247680\Documents\wbudy123\Lib_EaBaseBoard\Debug\libLib_EaBaseBoard.a(temp.o)
 .debug_aranges
                0x00000280       0x18 C:\Users\247680\Documents\wbudy123\Lib_EaBaseBoard\Debug\libLib_EaBaseBoard.a(font5x7.o)
 .debug_aranges
                0x00000298       0x30 C:\Users\247680\Documents\wbudy123\Lib_MCU\Debug\libLib_MCU.a(adc.o)
 .debug_aranges
                0x000002c8       0x68 C:\Users\247680\Documents\wbudy123\Lib_MCU\Debug\libLib_MCU.a(gpio.o)
 .debug_aranges
                0x00000330       0x58 C:\Users\247680\Documents\wbudy123\Lib_MCU\Debug\libLib_MCU.a(i2c.o)
 .debug_aranges
                0x00000388       0x40 C:\Users\247680\Documents\wbudy123\Lib_MCU\Debug\libLib_MCU.a(ssp.o)
 .debug_aranges
                0x000003c8       0x50 C:\Users\247680\Documents\wbudy123\Lib_MCU\Debug\libLib_MCU.a(timer32.o)
 .debug_aranges
                0x00000418       0x40 C:\Users\247680\Documents\wbudy123\Lib_MCU\Debug\libLib_MCU.a(uart.o)
 .debug_aranges
                0x00000458       0x28 C:\Users\247680\Documents\wbudy123\Lib_CMSISv1p30_LPC13xx\Debug\libLib_CMSISv1p30_LPC13xx.a(system_LPC13xx.o)

.debug_ranges   0x00000000      0x3a0
 .debug_ranges  0x00000000       0x60 ./src/cr_startup_lpc13.o
 .debug_ranges  0x00000060       0x40 ./src/main.o
 .debug_ranges  0x000000a0       0x18 C:\Users\247680\Documents\wbudy123\Lib_EaBaseBoard\Debug\libLib_EaBaseBoard.a(joystick.o)
 .debug_ranges  0x000000b8       0x78 C:\Users\247680\Documents\wbudy123\Lib_EaBaseBoard\Debug\libLib_EaBaseBoard.a(light.o)
 .debug_ranges  0x00000130       0x80 C:\Users\247680\Documents\wbudy123\Lib_EaBaseBoard\Debug\libLib_EaBaseBoard.a(oled.o)
 .debug_ranges  0x000001b0       0x60 C:\Users\247680\Documents\wbudy123\Lib_EaBaseBoard\Debug\libLib_EaBaseBoard.a(pca9532.o)
 .debug_ranges  0x00000210       0x18 C:\Users\247680\Documents\wbudy123\Lib_EaBaseBoard\Debug\libLib_EaBaseBoard.a(temp.o)
 .debug_ranges  0x00000228       0x20 C:\Users\247680\Documents\wbudy123\Lib_MCU\Debug\libLib_MCU.a(adc.o)
 .debug_ranges  0x00000248       0x58 C:\Users\247680\Documents\wbudy123\Lib_MCU\Debug\libLib_MCU.a(gpio.o)
 .debug_ranges  0x000002a0       0x48 C:\Users\247680\Documents\wbudy123\Lib_MCU\Debug\libLib_MCU.a(i2c.o)
 .debug_ranges  0x000002e8       0x30 C:\Users\247680\Documents\wbudy123\Lib_MCU\Debug\libLib_MCU.a(ssp.o)
 .debug_ranges  0x00000318       0x40 C:\Users\247680\Documents\wbudy123\Lib_MCU\Debug\libLib_MCU.a(timer32.o)
 .debug_ranges  0x00000358       0x30 C:\Users\247680\Documents\wbudy123\Lib_MCU\Debug\libLib_MCU.a(uart.o)
 .debug_ranges  0x00000388       0x18 C:\Users\247680\Documents\wbudy123\Lib_CMSISv1p30_LPC13xx\Debug\libLib_CMSISv1p30_LPC13xx.a(system_LPC13xx.o)

.debug_macro    0x00000000     0x4de7
 .debug_macro   0x00000000       0x52 ./src/cr_startup_lpc13.o
 .debug_macro   0x00000052      0xaae ./src/cr_startup_lpc13.o
 .debug_macro   0x00000b00       0x10 ./src/cr_startup_lpc13.o
 .debug_macro   0x00000b10      0x12e ./src/cr_startup_lpc13.o
 .debug_macro   0x00000c3e      0x5b3 ./src/cr_startup_lpc13.o
 .debug_macro   0x000011f1      0x112 ./src/main.o
 .debug_macro   0x00001303       0x1c ./src/main.o
 .debug_macro   0x0000131f       0x22 ./src/main.o
 .debug_macro   0x00001341      0x7b7 ./src/main.o
 .debug_macro   0x00001af8      0x115 ./src/main.o
 .debug_macro   0x00001c0d       0x1c ./src/main.o
 .debug_macro   0x00001c29       0xa0 ./src/main.o
 .debug_macro   0x00001cc9       0x9a ./src/main.o
 .debug_macro   0x00001d63       0x16 ./src/main.o
 .debug_macro   0x00001d79       0xb8 ./src/main.o
 .debug_macro   0x00001e31       0x22 ./src/main.o
 .debug_macro   0x00001e53      0x11e ./src/main.o
 .debug_macro   0x00001f71       0x46 ./src/main.o
 .debug_macro   0x00001fb7       0x22 ./src/main.o
 .debug_macro   0x00001fd9       0x16 ./src/main.o
 .debug_macro   0x00001fef       0x28 ./src/main.o
 .debug_macro   0x00002017       0xb2 ./src/main.o
 .debug_macro   0x000020c9       0x8d C:\Users\247680\Documents\wbudy123\Lib_EaBaseBoard\Debug\libLib_EaBaseBoard.a(joystick.o)
 .debug_macro   0x00002156      0xaa8 C:\Users\247680\Documents\wbudy123\Lib_EaBaseBoard\Debug\libLib_EaBaseBoard.a(joystick.o)
 .debug_macro   0x00002bfe      0x12a C:\Users\247680\Documents\wbudy123\Lib_EaBaseBoard\Debug\libLib_EaBaseBoard.a(light.o)
 .debug_macro   0x00002d28       0xe1 C:\Users\247680\Documents\wbudy123\Lib_EaBaseBoard\Debug\libLib_EaBaseBoard.a(oled.o)
 .debug_macro   0x00002e09       0xa5 C:\Users\247680\Documents\wbudy123\Lib_EaBaseBoard\Debug\libLib_EaBaseBoard.a(pca9532.o)
 .debug_macro   0x00002eae       0xb8 C:\Users\247680\Documents\wbudy123\Lib_EaBaseBoard\Debug\libLib_EaBaseBoard.a(temp.o)
 .debug_macro   0x00002f66       0x1a C:\Users\247680\Documents\wbudy123\Lib_EaBaseBoard\Debug\libLib_EaBaseBoard.a(font5x7.o)
 .debug_macro   0x00002f80      0x696 C:\Users\247680\Documents\wbudy123\Lib_EaBaseBoard\Debug\libLib_EaBaseBoard.a(font5x7.o)
 .debug_macro   0x00003616       0x7b C:\Users\247680\Documents\wbudy123\Lib_MCU\Debug\libLib_MCU.a(adc.o)
 .debug_macro   0x00003691       0x7b C:\Users\247680\Documents\wbudy123\Lib_MCU\Debug\libLib_MCU.a(gpio.o)
 .debug_macro   0x0000370c       0x84 C:\Users\247680\Documents\wbudy123\Lib_MCU\Debug\libLib_MCU.a(i2c.o)
 .debug_macro   0x00003790       0x84 C:\Users\247680\Documents\wbudy123\Lib_MCU\Debug\libLib_MCU.a(ssp.o)
 .debug_macro   0x00003814       0x7b C:\Users\247680\Documents\wbudy123\Lib_MCU\Debug\libLib_MCU.a(timer32.o)
 .debug_macro   0x0000388f       0x81 C:\Users\247680\Documents\wbudy123\Lib_MCU\Debug\libLib_MCU.a(uart.o)
 .debug_macro   0x00003910      0x12f C:\Users\247680\Documents\wbudy123\Lib_CMSISv1p30_LPC13xx\Debug\libLib_CMSISv1p30_LPC13xx.a(system_LPC13xx.o)
 .debug_macro   0x00003a3f      0xaa2 C:\Users\247680\Documents\wbudy123\Lib_CMSISv1p30_LPC13xx\Debug\libLib_CMSISv1p30_LPC13xx.a(system_LPC13xx.o)
 .debug_macro   0x000044e1       0x1c C:\Users\247680\Documents\wbudy123\Lib_CMSISv1p30_LPC13xx\Debug\libLib_CMSISv1p30_LPC13xx.a(system_LPC13xx.o)
 .debug_macro   0x000044fd      0x7d5 C:\Users\247680\Documents\wbudy123\Lib_CMSISv1p30_LPC13xx\Debug\libLib_CMSISv1p30_LPC13xx.a(system_LPC13xx.o)
 .debug_macro   0x00004cd2      0x115 C:\Users\247680\Documents\wbudy123\Lib_CMSISv1p30_LPC13xx\Debug\libLib_CMSISv1p30_LPC13xx.a(system_LPC13xx.o)

.debug_line     0x00000000     0x40ec
 .debug_line    0x00000000      0x378 ./src/cr_startup_lpc13.o
 .debug_line    0x00000378      0x583 ./src/main.o
 .debug_line    0x000008fb      0x2ca C:\Users\247680\Documents\wbudy123\Lib_EaBaseBoard\Debug\libLib_EaBaseBoard.a(joystick.o)
 .debug_line    0x00000bc5      0x498 C:\Users\247680\Documents\wbudy123\Lib_EaBaseBoard\Debug\libLib_EaBaseBoard.a(light.o)
 .debug_line    0x0000105d      0x7ca C:\Users\247680\Documents\wbudy123\Lib_EaBaseBoard\Debug\libLib_EaBaseBoard.a(oled.o)
 .debug_line    0x00001827      0x477 C:\Users\247680\Documents\wbudy123\Lib_EaBaseBoard\Debug\libLib_EaBaseBoard.a(pca9532.o)
 .debug_line    0x00001c9e      0x30b C:\Users\247680\Documents\wbudy123\Lib_EaBaseBoard\Debug\libLib_EaBaseBoard.a(temp.o)
 .debug_line    0x00001fa9       0x78 C:\Users\247680\Documents\wbudy123\Lib_EaBaseBoard\Debug\libLib_EaBaseBoard.a(font5x7.o)
 .debug_line    0x00002021      0x2cd C:\Users\247680\Documents\wbudy123\Lib_MCU\Debug\libLib_MCU.a(adc.o)
 .debug_line    0x000022ee      0x748 C:\Users\247680\Documents\wbudy123\Lib_MCU\Debug\libLib_MCU.a(gpio.o)
 .debug_line    0x00002a36      0x4c5 C:\Users\247680\Documents\wbudy123\Lib_MCU\Debug\libLib_MCU.a(i2c.o)
 .debug_line    0x00002efb      0x3e6 C:\Users\247680\Documents\wbudy123\Lib_MCU\Debug\libLib_MCU.a(ssp.o)
 .debug_line    0x000032e1      0x4b3 C:\Users\247680\Documents\wbudy123\Lib_MCU\Debug\libLib_MCU.a(timer32.o)
 .debug_line    0x00003794      0x3ed C:\Users\247680\Documents\wbudy123\Lib_MCU\Debug\libLib_MCU.a(uart.o)
 .debug_line    0x00003b81      0x56b C:\Users\247680\Documents\wbudy123\Lib_CMSISv1p30_LPC13xx\Debug\libLib_CMSISv1p30_LPC13xx.a(system_LPC13xx.o)

.debug_str      0x00000000     0xb42f
 .debug_str     0x00000000     0x457a ./src/cr_startup_lpc13.o
                               0x461d (size before relaxing)
 .debug_str     0x0000457a     0x4c2c ./src/main.o
                               0x912f (size before relaxing)
 .debug_str     0x000091a6      0x117 C:\Users\247680\Documents\wbudy123\Lib_EaBaseBoard\Debug\libLib_EaBaseBoard.a(joystick.o)
                               0x7ab0 (size before relaxing)
 .debug_str     0x000092bd      0x3ec C:\Users\247680\Documents\wbudy123\Lib_EaBaseBoard\Debug\libLib_EaBaseBoard.a(light.o)
                               0x80a7 (size before relaxing)
 .debug_str     0x000096a9      0x2eb C:\Users\247680\Documents\wbudy123\Lib_EaBaseBoard\Debug\libLib_EaBaseBoard.a(oled.o)
                               0x8335 (size before relaxing)
 .debug_str     0x00009994      0x186 C:\Users\247680\Documents\wbudy123\Lib_EaBaseBoard\Debug\libLib_EaBaseBoard.a(pca9532.o)
                               0x7fab (size before relaxing)
 .debug_str     0x00009b1a       0xfe C:\Users\247680\Documents\wbudy123\Lib_EaBaseBoard\Debug\libLib_EaBaseBoard.a(temp.o)
                               0x7b4e (size before relaxing)
 .debug_str     0x00009c18      0xe21 C:\Users\247680\Documents\wbudy123\Lib_EaBaseBoard\Debug\libLib_EaBaseBoard.a(font5x7.o)
                               0x3bd1 (size before relaxing)
 .debug_str     0x0000aa39      0x21c C:\Users\247680\Documents\wbudy123\Lib_MCU\Debug\libLib_MCU.a(adc.o)
                               0x7f19 (size before relaxing)
 .debug_str     0x0000ac55       0xf5 C:\Users\247680\Documents\wbudy123\Lib_MCU\Debug\libLib_MCU.a(gpio.o)
                               0x8159 (size before relaxing)
 .debug_str     0x0000ad4a      0x161 C:\Users\247680\Documents\wbudy123\Lib_MCU\Debug\libLib_MCU.a(i2c.o)
                               0x8587 (size before relaxing)
 .debug_str     0x0000aeab       0x94 C:\Users\247680\Documents\wbudy123\Lib_MCU\Debug\libLib_MCU.a(ssp.o)
                               0x85a0 (size before relaxing)
 .debug_str     0x0000af3f       0x8e C:\Users\247680\Documents\wbudy123\Lib_MCU\Debug\libLib_MCU.a(timer32.o)
                               0x82b5 (size before relaxing)
 .debug_str     0x0000afcd       0xa1 C:\Users\247680\Documents\wbudy123\Lib_MCU\Debug\libLib_MCU.a(uart.o)
                               0x83ed (size before relaxing)
 .debug_str     0x0000b06e      0x3c1 C:\Users\247680\Documents\wbudy123\Lib_CMSISv1p30_LPC13xx\Debug\libLib_CMSISv1p30_LPC13xx.a(system_LPC13xx.o)
                               0x7fb2 (size before relaxing)

.comment        0x00000000       0x4c
 .comment       0x00000000       0x4c ./src/cr_startup_lpc13.o
                                 0x4d (size before relaxing)
 .comment       0x0000004c       0x4d ./src/main.o
 .comment       0x0000004c       0x4d C:\Users\247680\Documents\wbudy123\Lib_EaBaseBoard\Debug\libLib_EaBaseBoard.a(joystick.o)
 .comment       0x0000004c       0x4d C:\Users\247680\Documents\wbudy123\Lib_EaBaseBoard\Debug\libLib_EaBaseBoard.a(light.o)
 .comment       0x0000004c       0x4d C:\Users\247680\Documents\wbudy123\Lib_EaBaseBoard\Debug\libLib_EaBaseBoard.a(oled.o)
 .comment       0x0000004c       0x4d C:\Users\247680\Documents\wbudy123\Lib_EaBaseBoard\Debug\libLib_EaBaseBoard.a(pca9532.o)
 .comment       0x0000004c       0x4d C:\Users\247680\Documents\wbudy123\Lib_EaBaseBoard\Debug\libLib_EaBaseBoard.a(temp.o)
 .comment       0x0000004c       0x4d C:\Users\247680\Documents\wbudy123\Lib_EaBaseBoard\Debug\libLib_EaBaseBoard.a(font5x7.o)
 .comment       0x0000004c       0x4d C:\Users\247680\Documents\wbudy123\Lib_MCU\Debug\libLib_MCU.a(adc.o)
 .comment       0x0000004c       0x4d C:\Users\247680\Documents\wbudy123\Lib_MCU\Debug\libLib_MCU.a(gpio.o)
 .comment       0x0000004c       0x4d C:\Users\247680\Documents\wbudy123\Lib_MCU\Debug\libLib_MCU.a(i2c.o)
 .comment       0x0000004c       0x4d C:\Users\247680\Documents\wbudy123\Lib_MCU\Debug\libLib_MCU.a(ssp.o)
 .comment       0x0000004c       0x4d C:\Users\247680\Documents\wbudy123\Lib_MCU\Debug\libLib_MCU.a(timer32.o)
 .comment       0x0000004c       0x4d C:\Users\247680\Documents\wbudy123\Lib_MCU\Debug\libLib_MCU.a(uart.o)
 .comment       0x0000004c       0x4d C:\Users\247680\Documents\wbudy123\Lib_CMSISv1p30_LPC13xx\Debug\libLib_CMSISv1p30_LPC13xx.a(system_LPC13xx.o)
 .comment       0x0000004c       0x4d c:/nxp/mcuxpressoide_11.3.1_5262/ide/plugins/com.nxp.mcuxpresso.tools.win32_11.3.0.202008311133/tools/bin/../lib/gcc/arm-none-eabi/9.3.1/../../../../arm-none-eabi/lib/thumb/v7-m/nofp\libcr_semihost.a(_cr__main.o)
 .comment       0x0000004c       0x4d c:/nxp/mcuxpressoide_11.3.1_5262/ide/plugins/com.nxp.mcuxpresso.tools.win32_11.3.0.202008311133/tools/bin/../lib/gcc/arm-none-eabi/9.3.1/../../../../arm-none-eabi/lib/thumb/v7-m/nofp\libcr_c.a(memset.o)
 .comment       0x0000004c       0x4d c:/nxp/mcuxpressoide_11.3.1_5262/ide/plugins/com.nxp.mcuxpresso.tools.win32_11.3.0.202008311133/tools/bin/../lib/gcc/arm-none-eabi/9.3.1/../../../../arm-none-eabi/lib/thumb/v7-m/nofp\libcr_c.a(initio.o)
 .comment       0x0000004c       0x4d c:/nxp/mcuxpressoide_11.3.1_5262/ide/plugins/com.nxp.mcuxpresso.tools.win32_11.3.0.202008311133/tools/bin/../lib/gcc/arm-none-eabi/9.3.1/../../../../arm-none-eabi/lib/thumb/v7-m/nofp\libcr_c.a(setvbuf.o)
 .comment       0x0000004c       0x4d c:/nxp/mcuxpressoide_11.3.1_5262/ide/plugins/com.nxp.mcuxpresso.tools.win32_11.3.0.202008311133/tools/bin/../lib/gcc/arm-none-eabi/9.3.1/../../../../arm-none-eabi/lib/thumb/v7-m/nofp\libcr_c.a(_fdopen.o)
 .comment       0x0000004c       0x4d c:/nxp/mcuxpressoide_11.3.1_5262/ide/plugins/com.nxp.mcuxpresso.tools.win32_11.3.0.202008311133/tools/bin/../lib/gcc/arm-none-eabi/9.3.1/../../../../arm-none-eabi/lib/thumb/v7-m/nofp\libcr_c.a(fclose.o)
 .comment       0x0000004c       0x4d c:/nxp/mcuxpressoide_11.3.1_5262/ide/plugins/com.nxp.mcuxpresso.tools.win32_11.3.0.202008311133/tools/bin/../lib/gcc/arm-none-eabi/9.3.1/../../../../arm-none-eabi/lib/thumb/v7-m/nofp\libcr_c.a(fflush.o)
 .comment       0x0000004c       0x4d c:/nxp/mcuxpressoide_11.3.1_5262/ide/plugins/com.nxp.mcuxpresso.tools.win32_11.3.0.202008311133/tools/bin/../lib/gcc/arm-none-eabi/9.3.1/../../../../arm-none-eabi/lib/thumb/v7-m/nofp\libcr_c.a(fseek.o)
 .comment       0x0000004c       0x4d c:/nxp/mcuxpressoide_11.3.1_5262/ide/plugins/com.nxp.mcuxpresso.tools.win32_11.3.0.202008311133/tools/bin/../lib/gcc/arm-none-eabi/9.3.1/../../../../arm-none-eabi/lib/thumb/v7-m/nofp\libcr_c.a(ftell.o)
 .comment       0x0000004c       0x4d c:/nxp/mcuxpressoide_11.3.1_5262/ide/plugins/com.nxp.mcuxpresso.tools.win32_11.3.0.202008311133/tools/bin/../lib/gcc/arm-none-eabi/9.3.1/../../../../arm-none-eabi/lib/thumb/v7-m/nofp\libcr_c.a(remove.o)
 .comment       0x0000004c       0x4d c:/nxp/mcuxpressoide_11.3.1_5262/ide/plugins/com.nxp.mcuxpresso.tools.win32_11.3.0.202008311133/tools/bin/../lib/gcc/arm-none-eabi/9.3.1/../../../../arm-none-eabi/lib/thumb/v7-m/nofp\libcr_c.a(strlen.o)
 .comment       0x0000004c       0x4d c:/nxp/mcuxpressoide_11.3.1_5262/ide/plugins/com.nxp.mcuxpresso.tools.win32_11.3.0.202008311133/tools/bin/../lib/gcc/arm-none-eabi/9.3.1/../../../../arm-none-eabi/lib/thumb/v7-m/nofp\libcr_c.a(_do_fflush.o)
 .comment       0x0000004c       0x4d c:/nxp/mcuxpressoide_11.3.1_5262/ide/plugins/com.nxp.mcuxpresso.tools.win32_11.3.0.202008311133/tools/bin/../lib/gcc/arm-none-eabi/9.3.1/../../../../arm-none-eabi/lib/thumb/v7-m/nofp\libcr_c.a(_fflush.o)
 .comment       0x0000004c       0x4d c:/nxp/mcuxpressoide_11.3.1_5262/ide/plugins/com.nxp.mcuxpresso.tools.win32_11.3.0.202008311133/tools/bin/../lib/gcc/arm-none-eabi/9.3.1/../../../../arm-none-eabi/lib/thumb/v7-m/nofp\libcr_c.a(_writebuf.o)
 .comment       0x0000004c       0x4d c:/nxp/mcuxpressoide_11.3.1_5262/ide/plugins/com.nxp.mcuxpresso.tools.win32_11.3.0.202008311133/tools/bin/../lib/gcc/arm-none-eabi/9.3.1/../../../../arm-none-eabi/lib/thumb/v7-m/nofp\libcr_c.a(alloc.o)
 .comment       0x0000004c       0x4d c:/nxp/mcuxpressoide_11.3.1_5262/ide/plugins/com.nxp.mcuxpresso.tools.win32_11.3.0.202008311133/tools/bin/../lib/gcc/arm-none-eabi/9.3.1/../../../../arm-none-eabi/lib/thumb/v7-m/nofp\libcr_c.a(errno.o)
 .comment       0x0000004c       0x4d c:/nxp/mcuxpressoide_11.3.1_5262/ide/plugins/com.nxp.mcuxpresso.tools.win32_11.3.0.202008311133/tools/bin/../lib/gcc/arm-none-eabi/9.3.1/../../../../arm-none-eabi/lib/thumb/v7-m/nofp\libcr_c.a(_deferredlazyseek.o)
 .comment       0x0000004c       0x4d c:/nxp/mcuxpressoide_11.3.1_5262/ide/plugins/com.nxp.mcuxpresso.tools.win32_11.3.0.202008311133/tools/bin/../lib/gcc/arm-none-eabi/9.3.1/thumb/v7-m/nofp\libcr_eabihelpers.a(double.o)
 .comment       0x0000004c       0x4d c:/nxp/mcuxpressoide_11.3.1_5262/ide/plugins/com.nxp.mcuxpresso.tools.win32_11.3.0.202008311133/tools/bin/../lib/gcc/arm-none-eabi/9.3.1/../../../../arm-none-eabi/lib/thumb/v7-m/nofp\libcr_semihost.a(__ciob.o)

.ARM.attributes
                0x00000000       0x2b
 .ARM.attributes
                0x00000000       0x2d ./src/cr_startup_lpc13.o
 .ARM.attributes
                0x0000002d       0x2d ./src/main.o
 .ARM.attributes
                0x0000005a       0x2d C:\Users\247680\Documents\wbudy123\Lib_EaBaseBoard\Debug\libLib_EaBaseBoard.a(joystick.o)
 .ARM.attributes
                0x00000087       0x2d C:\Users\247680\Documents\wbudy123\Lib_EaBaseBoard\Debug\libLib_EaBaseBoard.a(light.o)
 .ARM.attributes
                0x000000b4       0x2d C:\Users\247680\Documents\wbudy123\Lib_EaBaseBoard\Debug\libLib_EaBaseBoard.a(oled.o)
 .ARM.attributes
                0x000000e1       0x2d C:\Users\247680\Documents\wbudy123\Lib_EaBaseBoard\Debug\libLib_EaBaseBoard.a(pca9532.o)
 .ARM.attributes
                0x0000010e       0x2d C:\Users\247680\Documents\wbudy123\Lib_EaBaseBoard\Debug\libLib_EaBaseBoard.a(temp.o)
 .ARM.attributes
                0x0000013b       0x33 C:\Users\247680\Documents\wbudy123\Lib_EaBaseBoard\Debug\libLib_EaBaseBoard.a(font5x7.o)
 .ARM.attributes
                0x0000016e       0x2d C:\Users\247680\Documents\wbudy123\Lib_MCU\Debug\libLib_MCU.a(adc.o)
 .ARM.attributes
                0x0000019b       0x2d C:\Users\247680\Documents\wbudy123\Lib_MCU\Debug\libLib_MCU.a(gpio.o)
 .ARM.attributes
                0x000001c8       0x2d C:\Users\247680\Documents\wbudy123\Lib_MCU\Debug\libLib_MCU.a(i2c.o)
 .ARM.attributes
                0x000001f5       0x2d C:\Users\247680\Documents\wbudy123\Lib_MCU\Debug\libLib_MCU.a(ssp.o)
 .ARM.attributes
                0x00000222       0x2d C:\Users\247680\Documents\wbudy123\Lib_MCU\Debug\libLib_MCU.a(timer32.o)
 .ARM.attributes
                0x0000024f       0x2d C:\Users\247680\Documents\wbudy123\Lib_MCU\Debug\libLib_MCU.a(uart.o)
 .ARM.attributes
                0x0000027c       0x2d C:\Users\247680\Documents\wbudy123\Lib_CMSISv1p30_LPC13xx\Debug\libLib_CMSISv1p30_LPC13xx.a(system_LPC13xx.o)
 .ARM.attributes
                0x000002a9       0x2d c:/nxp/mcuxpressoide_11.3.1_5262/ide/plugins/com.nxp.mcuxpresso.tools.win32_11.3.0.202008311133/tools/bin/../lib/gcc/arm-none-eabi/9.3.1/../../../../arm-none-eabi/lib/thumb/v7-m/nofp\libcr_semihost.a(_cr__main.o)
 .ARM.attributes
                0x000002d6       0x2d c:/nxp/mcuxpressoide_11.3.1_5262/ide/plugins/com.nxp.mcuxpresso.tools.win32_11.3.0.202008311133/tools/bin/../lib/gcc/arm-none-eabi/9.3.1/../../../../arm-none-eabi/lib/thumb/v7-m/nofp\libcr_c.a(memset.o)
 .ARM.attributes
                0x00000303       0x2d c:/nxp/mcuxpressoide_11.3.1_5262/ide/plugins/com.nxp.mcuxpresso.tools.win32_11.3.0.202008311133/tools/bin/../lib/gcc/arm-none-eabi/9.3.1/../../../../arm-none-eabi/lib/thumb/v7-m/nofp\libcr_c.a(initio.o)
 .ARM.attributes
                0x00000330       0x2d c:/nxp/mcuxpressoide_11.3.1_5262/ide/plugins/com.nxp.mcuxpresso.tools.win32_11.3.0.202008311133/tools/bin/../lib/gcc/arm-none-eabi/9.3.1/../../../../arm-none-eabi/lib/thumb/v7-m/nofp\libcr_c.a(setvbuf.o)
 .ARM.attributes
                0x0000035d       0x2d c:/nxp/mcuxpressoide_11.3.1_5262/ide/plugins/com.nxp.mcuxpresso.tools.win32_11.3.0.202008311133/tools/bin/../lib/gcc/arm-none-eabi/9.3.1/../../../../arm-none-eabi/lib/thumb/v7-m/nofp\libcr_c.a(_fdopen.o)
 .ARM.attributes
                0x0000038a       0x2d c:/nxp/mcuxpressoide_11.3.1_5262/ide/plugins/com.nxp.mcuxpresso.tools.win32_11.3.0.202008311133/tools/bin/../lib/gcc/arm-none-eabi/9.3.1/../../../../arm-none-eabi/lib/thumb/v7-m/nofp\libcr_c.a(fclose.o)
 .ARM.attributes
                0x000003b7       0x2d c:/nxp/mcuxpressoide_11.3.1_5262/ide/plugins/com.nxp.mcuxpresso.tools.win32_11.3.0.202008311133/tools/bin/../lib/gcc/arm-none-eabi/9.3.1/../../../../arm-none-eabi/lib/thumb/v7-m/nofp\libcr_c.a(fflush.o)
 .ARM.attributes
                0x000003e4       0x2d c:/nxp/mcuxpressoide_11.3.1_5262/ide/plugins/com.nxp.mcuxpresso.tools.win32_11.3.0.202008311133/tools/bin/../lib/gcc/arm-none-eabi/9.3.1/../../../../arm-none-eabi/lib/thumb/v7-m/nofp\libcr_c.a(fseek.o)
 .ARM.attributes
                0x00000411       0x2d c:/nxp/mcuxpressoide_11.3.1_5262/ide/plugins/com.nxp.mcuxpresso.tools.win32_11.3.0.202008311133/tools/bin/../lib/gcc/arm-none-eabi/9.3.1/../../../../arm-none-eabi/lib/thumb/v7-m/nofp\libcr_c.a(ftell.o)
 .ARM.attributes
                0x0000043e       0x2d c:/nxp/mcuxpressoide_11.3.1_5262/ide/plugins/com.nxp.mcuxpresso.tools.win32_11.3.0.202008311133/tools/bin/../lib/gcc/arm-none-eabi/9.3.1/../../../../arm-none-eabi/lib/thumb/v7-m/nofp\libcr_c.a(remove.o)
 .ARM.attributes
                0x0000046b       0x2d c:/nxp/mcuxpressoide_11.3.1_5262/ide/plugins/com.nxp.mcuxpresso.tools.win32_11.3.0.202008311133/tools/bin/../lib/gcc/arm-none-eabi/9.3.1/../../../../arm-none-eabi/lib/thumb/v7-m/nofp\libcr_c.a(strlen.o)
 .ARM.attributes
                0x00000498       0x2d c:/nxp/mcuxpressoide_11.3.1_5262/ide/plugins/com.nxp.mcuxpresso.tools.win32_11.3.0.202008311133/tools/bin/../lib/gcc/arm-none-eabi/9.3.1/../../../../arm-none-eabi/lib/thumb/v7-m/nofp\libcr_c.a(_do_fflush.o)
 .ARM.attributes
                0x000004c5       0x2d c:/nxp/mcuxpressoide_11.3.1_5262/ide/plugins/com.nxp.mcuxpresso.tools.win32_11.3.0.202008311133/tools/bin/../lib/gcc/arm-none-eabi/9.3.1/../../../../arm-none-eabi/lib/thumb/v7-m/nofp\libcr_c.a(_fflush.o)
 .ARM.attributes
                0x000004f2       0x2d c:/nxp/mcuxpressoide_11.3.1_5262/ide/plugins/com.nxp.mcuxpresso.tools.win32_11.3.0.202008311133/tools/bin/../lib/gcc/arm-none-eabi/9.3.1/../../../../arm-none-eabi/lib/thumb/v7-m/nofp\libcr_c.a(_writebuf.o)
 .ARM.attributes
                0x0000051f       0x2d c:/nxp/mcuxpressoide_11.3.1_5262/ide/plugins/com.nxp.mcuxpresso.tools.win32_11.3.0.202008311133/tools/bin/../lib/gcc/arm-none-eabi/9.3.1/../../../../arm-none-eabi/lib/thumb/v7-m/nofp\libcr_c.a(alloc.o)
 .ARM.attributes
                0x0000054c       0x33 c:/nxp/mcuxpressoide_11.3.1_5262/ide/plugins/com.nxp.mcuxpresso.tools.win32_11.3.0.202008311133/tools/bin/../lib/gcc/arm-none-eabi/9.3.1/../../../../arm-none-eabi/lib/thumb/v7-m/nofp\libcr_c.a(errno.o)
 .ARM.attributes
                0x0000057f       0x2d c:/nxp/mcuxpressoide_11.3.1_5262/ide/plugins/com.nxp.mcuxpresso.tools.win32_11.3.0.202008311133/tools/bin/../lib/gcc/arm-none-eabi/9.3.1/../../../../arm-none-eabi/lib/thumb/v7-m/nofp\libcr_c.a(_deferredlazyseek.o)
 .ARM.attributes
                0x000005ac       0x2d c:/nxp/mcuxpressoide_11.3.1_5262/ide/plugins/com.nxp.mcuxpresso.tools.win32_11.3.0.202008311133/tools/bin/../lib/gcc/arm-none-eabi/9.3.1/thumb/v7-m/nofp\libcr_eabihelpers.a(double.o)
 .ARM.attributes
                0x000005d9       0x1b c:/nxp/mcuxpressoide_11.3.1_5262/ide/plugins/com.nxp.mcuxpresso.tools.win32_11.3.0.202008311133/tools/bin/../lib/gcc/arm-none-eabi/9.3.1/thumb/v7-m/nofp\libcr_eabihelpers.a(memcpy.o)
 .ARM.attributes
                0x000005f4       0x33 c:/nxp/mcuxpressoide_11.3.1_5262/ide/plugins/com.nxp.mcuxpresso.tools.win32_11.3.0.202008311133/tools/bin/../lib/gcc/arm-none-eabi/9.3.1/../../../../arm-none-eabi/lib/thumb/v7-m/nofp\libcr_semihost.a(__ciob.o)
 .ARM.attributes
                0x00000627       0x1b c:/nxp/mcuxpressoide_11.3.1_5262/ide/plugins/com.nxp.mcuxpresso.tools.win32_11.3.0.202008311133/tools/bin/../lib/gcc/arm-none-eabi/9.3.1/../../../../arm-none-eabi/lib/thumb/v7-m/nofp\libcr_semihost.a(__sys_close.o)
 .ARM.attributes
                0x00000642       0x1b c:/nxp/mcuxpressoide_11.3.1_5262/ide/plugins/com.nxp.mcuxpresso.tools.win32_11.3.0.202008311133/tools/bin/../lib/gcc/arm-none-eabi/9.3.1/../../../../arm-none-eabi/lib/thumb/v7-m/nofp\libcr_semihost.a(__sys_flen.o)
 .ARM.attributes
                0x0000065d       0x1b c:/nxp/mcuxpressoide_11.3.1_5262/ide/plugins/com.nxp.mcuxpresso.tools.win32_11.3.0.202008311133/tools/bin/../lib/gcc/arm-none-eabi/9.3.1/../../../../arm-none-eabi/lib/thumb/v7-m/nofp\libcr_semihost.a(__sys_istty.o)
 .ARM.attributes
                0x00000678       0x1b c:/nxp/mcuxpressoide_11.3.1_5262/ide/plugins/com.nxp.mcuxpresso.tools.win32_11.3.0.202008311133/tools/bin/../lib/gcc/arm-none-eabi/9.3.1/../../../../arm-none-eabi/lib/thumb/v7-m/nofp\libcr_semihost.a(__sys_remove.o)
 .ARM.attributes
                0x00000693       0x1b c:/nxp/mcuxpressoide_11.3.1_5262/ide/plugins/com.nxp.mcuxpresso.tools.win32_11.3.0.202008311133/tools/bin/../lib/gcc/arm-none-eabi/9.3.1/../../../../arm-none-eabi/lib/thumb/v7-m/nofp\libcr_semihost.a(__sys_seek.o)
 .ARM.attributes
                0x000006ae       0x1b c:/nxp/mcuxpressoide_11.3.1_5262/ide/plugins/com.nxp.mcuxpresso.tools.win32_11.3.0.202008311133/tools/bin/../lib/gcc/arm-none-eabi/9.3.1/../../../../arm-none-eabi/lib/thumb/v7-m/nofp\libcr_semihost.a(__sys_tmpnam.o)
 .ARM.attributes
                0x000006c9       0x1b c:/nxp/mcuxpressoide_11.3.1_5262/ide/plugins/com.nxp.mcuxpresso.tools.win32_11.3.0.202008311133/tools/bin/../lib/gcc/arm-none-eabi/9.3.1/../../../../arm-none-eabi/lib/thumb/v7-m/nofp\libcr_semihost.a(__sys_write.o)

.debug_frame    0x00000000      0xe14
 .debug_frame   0x00000000       0xc8 ./src/cr_startup_lpc13.o
 .debug_frame   0x000000c8       0x7c ./src/main.o
 .debug_frame   0x00000144       0x50 C:\Users\247680\Documents\wbudy123\Lib_EaBaseBoard\Debug\libLib_EaBaseBoard.a(joystick.o)
 .debug_frame   0x00000194      0x204 C:\Users\247680\Documents\wbudy123\Lib_EaBaseBoard\Debug\libLib_EaBaseBoard.a(light.o)
 .debug_frame   0x00000398      0x244 C:\Users\247680\Documents\wbudy123\Lib_EaBaseBoard\Debug\libLib_EaBaseBoard.a(oled.o)
 .debug_frame   0x000005dc      0x19c C:\Users\247680\Documents\wbudy123\Lib_EaBaseBoard\Debug\libLib_EaBaseBoard.a(pca9532.o)
 .debug_frame   0x00000778       0x58 C:\Users\247680\Documents\wbudy123\Lib_EaBaseBoard\Debug\libLib_EaBaseBoard.a(temp.o)
 .debug_frame   0x000007d0       0x80 C:\Users\247680\Documents\wbudy123\Lib_MCU\Debug\libLib_MCU.a(adc.o)
 .debug_frame   0x00000850      0x194 C:\Users\247680\Documents\wbudy123\Lib_MCU\Debug\libLib_MCU.a(gpio.o)
 .debug_frame   0x000009e4      0x134 C:\Users\247680\Documents\wbudy123\Lib_MCU\Debug\libLib_MCU.a(i2c.o)
 .debug_frame   0x00000b18       0xd4 C:\Users\247680\Documents\wbudy123\Lib_MCU\Debug\libLib_MCU.a(ssp.o)
 .debug_frame   0x00000bec      0x124 C:\Users\247680\Documents\wbudy123\Lib_MCU\Debug\libLib_MCU.a(timer32.o)
 .debug_frame   0x00000d10       0xd4 C:\Users\247680\Documents\wbudy123\Lib_MCU\Debug\libLib_MCU.a(uart.o)
 .debug_frame   0x00000de4       0x30 C:\Users\247680\Documents\wbudy123\Lib_CMSISv1p30_LPC13xx\Debug\libLib_CMSISv1p30_LPC13xx.a(system_LPC13xx.o)
