Archive member included to satisfy reference by file (symbol)

C:\Users\247680\Documents\wbudy123\Lib_EaBaseBoard\Debug\libLib_EaBaseBoard.a(joystick.o)
                              ./src/main.o (joystick_init)
C:\Users\247680\Documents\wbudy123\Lib_EaBaseBoard\Debug\libLib_EaBaseBoard.a(light.o)
                              ./src/main.o (light_init)
C:\Users\247680\Documents\wbudy123\Lib_EaBaseBoard\Debug\libLib_EaBaseBoard.a(oled.o)
                              ./src/main.o (oled_init)
C:\Users\247680\Documents\wbudy123\Lib_EaBaseBoard\Debug\libLib_EaBaseBoard.a(temp.o)
                              ./src/main.o (temp_init)
C:\Users\247680\Documents\wbudy123\Lib_EaBaseBoard\Debug\libLib_EaBaseBoard.a(font5x7.o)
                              C:\Users\247680\Documents\wbudy123\Lib_EaBaseBoard\Debug\libLib_EaBaseBoard.a(oled.o) (font5x7)
C:\Users\247680\Documents\wbudy123\Lib_MCU\Debug\libLib_MCU.a(adc.o)
                              ./src/main.o (ADCInit)
C:\Users\247680\Documents\wbudy123\Lib_MCU\Debug\libLib_MCU.a(gpio.o)
                              ./src/main.o (GPIOInit)
C:\Users\247680\Documents\wbudy123\Lib_MCU\Debug\libLib_MCU.a(i2c.o)
                              ./src/main.o (I2CInit)
C:\Users\247680\Documents\wbudy123\Lib_MCU\Debug\libLib_MCU.a(ssp.o)
                              ./src/main.o (SSPInit)
C:\Users\247680\Documents\wbudy123\Lib_MCU\Debug\libLib_MCU.a(timer32.o)
                              ./src/main.o (delay32Ms)
C:\Users\247680\Documents\wbudy123\Lib_MCU\Debug\libLib_MCU.a(uart.o)
                              ./src/main.o (UARTInit)
C:\Users\247680\Documents\wbudy123\Lib_CMSISv1p30_LPC13xx\Debug\libLib_CMSISv1p30_LPC13xx.a(system_LPC13xx.o)
                              ./src/cr_startup_lpc13.o (SystemInit)
c:/nxp/mcuxpressoide_11.3.1_5262/ide/plugins/com.nxp.mcuxpresso.tools.win32_11.3.0.202008311133/tools/bin/../lib/gcc/arm-none-eabi/9.3.1/../../../../arm-none-eabi/lib/thumb/v7-m/nofp\libcr_semihost.a(_cr__main.o)
                              ./src/cr_startup_lpc13.o (__main)
c:/nxp/mcuxpressoide_11.3.1_5262/ide/plugins/com.nxp.mcuxpresso.tools.win32_11.3.0.202008311133/tools/bin/../lib/gcc/arm-none-eabi/9.3.1/../../../../arm-none-eabi/lib/thumb/v7-m/nofp\libcr_c.a(memset.o)
                              C:\Users\247680\Documents\wbudy123\Lib_EaBaseBoard\Debug\libLib_EaBaseBoard.a(oled.o) (memset)
c:/nxp/mcuxpressoide_11.3.1_5262/ide/plugins/com.nxp.mcuxpresso.tools.win32_11.3.0.202008311133/tools/bin/../lib/gcc/arm-none-eabi/9.3.1/../../../../arm-none-eabi/lib/thumb/v7-m/nofp\libcr_c.a(initio.o)
                              c:/nxp/mcuxpressoide_11.3.1_5262/ide/plugins/com.nxp.mcuxpresso.tools.win32_11.3.0.202008311133/tools/bin/../lib/gcc/arm-none-eabi/9.3.1/../../../../arm-none-eabi/lib/thumb/v7-m/nofp\libcr_semihost.a(_cr__main.o) (_initio)
c:/nxp/mcuxpressoide_11.3.1_5262/ide/plugins/com.nxp.mcuxpresso.tools.win32_11.3.0.202008311133/tools/bin/../lib/gcc/arm-none-eabi/9.3.1/../../../../arm-none-eabi/lib/thumb/v7-m/nofp\libcr_c.a(setvbuf.o)
                              c:/nxp/mcuxpressoide_11.3.1_5262/ide/plugins/com.nxp.mcuxpresso.tools.win32_11.3.0.202008311133/tools/bin/../lib/gcc/arm-none-eabi/9.3.1/../../../../arm-none-eabi/lib/thumb/v7-m/nofp\libcr_c.a(initio.o) (setvbuf)
c:/nxp/mcuxpressoide_11.3.1_5262/ide/plugins/com.nxp.mcuxpresso.tools.win32_11.3.0.202008311133/tools/bin/../lib/gcc/arm-none-eabi/9.3.1/../../../../arm-none-eabi/lib/thumb/v7-m/nofp\libcr_c.a(_fdopen.o)
                              c:/nxp/mcuxpressoide_11.3.1_5262/ide/plugins/com.nxp.mcuxpresso.tools.win32_11.3.0.202008311133/tools/bin/../lib/gcc/arm-none-eabi/9.3.1/../../../../arm-none-eabi/lib/thumb/v7-m/nofp\libcr_c.a(initio.o) (_fdopen)
c:/nxp/mcuxpressoide_11.3.1_5262/ide/plugins/com.nxp.mcuxpresso.tools.win32_11.3.0.202008311133/tools/bin/../lib/gcc/arm-none-eabi/9.3.1/../../../../arm-none-eabi/lib/thumb/v7-m/nofp\libcr_c.a(fclose.o)
                              c:/nxp/mcuxpressoide_11.3.1_5262/ide/plugins/com.nxp.mcuxpresso.tools.win32_11.3.0.202008311133/tools/bin/../lib/gcc/arm-none-eabi/9.3.1/../../../../arm-none-eabi/lib/thumb/v7-m/nofp\libcr_c.a(initio.o) (fclose)
c:/nxp/mcuxpressoide_11.3.1_5262/ide/plugins/com.nxp.mcuxpresso.tools.win32_11.3.0.202008311133/tools/bin/../lib/gcc/arm-none-eabi/9.3.1/../../../../arm-none-eabi/lib/thumb/v7-m/nofp\libcr_c.a(fflush.o)
                              c:/nxp/mcuxpressoide_11.3.1_5262/ide/plugins/com.nxp.mcuxpresso.tools.win32_11.3.0.202008311133/tools/bin/../lib/gcc/arm-none-eabi/9.3.1/../../../../arm-none-eabi/lib/thumb/v7-m/nofp\libcr_c.a(fclose.o) (fflush)
c:/nxp/mcuxpressoide_11.3.1_5262/ide/plugins/com.nxp.mcuxpresso.tools.win32_11.3.0.202008311133/tools/bin/../lib/gcc/arm-none-eabi/9.3.1/../../../../arm-none-eabi/lib/thumb/v7-m/nofp\libcr_c.a(fseek.o)
[...]
Memory Configuration

Name             Origin             Length             Attributes
MFlash32         0x00000000         0x00008000         xr
RamLoc8          0x10000000         0x00002000         xrw
*default*        0x00000000         0xffffffff

Linker script and memory map

LOAD ./src/cr_startup_lpc13.o
LOAD ./src/main.o
LOAD C:\Users\247680\Documents\wbudy123\Lib_EaBaseBoard\Debug\libLib_EaBaseBoard.a
LOAD C:\Users\247680\Documents\wbudy123\Lib_MCU\Debug\libLib_MCU.a
LOAD C:\Users\247680\Documents\wbudy123\Lib_CMSISv1p30_LPC13xx\Debug\libLib_CMSISv1p30_LPC13xx.a
START GROUP
LOAD c:/nxp/mcuxpressoide_11.3.1_5262/ide/plugins/com.nxp.mcuxpresso.tools.win32_11.3.0.202008311133/tools/bin/../lib/gcc/arm-none-eabi/9.3.1/../../../../arm-none-eabi/lib/thumb/v7-m/nofp\libcr_semihost.a
LOAD c:/nxp/mcuxpressoide_11.3.1_5262/ide/plugins/com.nxp.mcuxpresso.tools.win32_11.3.0.202008311133/tools/bin/../lib/gcc/arm-none-eabi/9.3.1/../../../../arm-none-eabi/lib/thumb/v7-m/nofp\libcr_c.a
LOAD c:/nxp/mcuxpressoide_11.3.1_5262/ide/plugins/com.nxp.mcuxpresso.tools.win32_11.3.0.202008311133/tools/bin/../lib/gcc/arm-none-eabi/9.3.1/thumb/v7-m/nofp\libcr_eabihelpers.a
LOAD c:/nxp/mcuxpressoide_11.3.1_5262/ide/plugins/com.nxp.mcuxpresso.tools.win32_11.3.0.202008311133/tools/bin/../lib/gcc/arm-none-eabi/9.3.1/thumb/v7-m/nofp\libgcc.a
END GROUP
                0x00000000                __base_MFlash32 = 0x0
                0x00000000                __base_Flash = 0x0
                0x00008000                __top_MFlash32 = 0x8000
                0x00008000                __top_Flash = 0x8000
                0x10000000                __base_RamLoc8 = 0x10000000
                0x10000000                __base_RAM = 0x10000000
                0x10002000                __top_RamLoc8 = 0x10002000
                0x10002000                __top_RAM = 0x10002000

.text           0x00000000     0x2e70
 FILL mask 0xff
                0x00000000                __vectors_start__ = ABSOLUTE (.)
 *(.isr_vector)
 .isr_vector    0x00000000      0x124 ./src/cr_startup_lpc13.o
                0x00000000                g_pfnVectors
                0x00000124                . = ALIGN (0x4)
                0x00000124                __section_table_start = .
                0x00000124                __data_section_table = .
                0x00000124        0x4 LONG 0x2e70 LOADADDR (.data)
                0x00000128        0x4 LONG 0x10000000 ADDR (.data)
                0x0000012c        0x4 LONG 0xc SIZEOF (.data)
                0x00000130                __data_section_table_end = .
                0x00000130                __bss_section_table = .
                0x00000130        0x4 LONG 0x1000000c ADDR (.bss)
                0x00000134        0x4 LONG 0x540 SIZEOF (.bss)
                0x00000138                __bss_section_table_end = .
                0x00000138                __section_table_end = .
 *(.after_vectors*)
 *(.text*)
 .text.NMI_Handler
                0x00000138        0x2 ./src/cr_startup_lpc13.o
                0x00000138                NMI_Handler
 .text.HardFault_Handler
                0x0000013a        0x2 ./src/cr_startup_lpc13.o
                0x0000013a                HardFault_Handler
 .text.MemManage_Handler
                0x0000013c        0x2 ./src/cr_startup_lpc13.o
                0x0000013c                MemManage_Handler
 .text.BusFault_Handler
                0x0000013e        0x2 ./src/cr_startup_lpc13.o
                0x0000013e                BusFault_Handler
 .text.UsageFault_Handler
                0x00000140        0x2 ./src/cr_startup_lpc13.o
                0x00000140                UsageFault_Handler
 .text.SVCall_Handler
                0x00000142        0x2 ./src/cr_startup_lpc13.o
                0x00000142                SVCall_Handler
 .text.DebugMon_Handler
                0x00000144        0x2 ./src/cr_startup_lpc13.o
                0x00000144                DebugMon_Handler
 .text.PendSV_Handler
                0x00000146        0x2 ./src/cr_startup_lpc13.o
                0x00000146                PendSV_Handler
 .text.IntDefaultHandler
                0x00000148        0x2 ./src/cr_startup_lpc13.o
                0x00000148                TIMER16_0_IRQHandler
                0x00000148                UART_IRQHandler
                0x00000148                TIMER32_0_IRQHandler
                0x00000148                TIMER32_1_IRQHandler
                0x00000148                IntDefaultHandler
                0x00000148                PIOINT1_IRQHandler
                0x00000148                TIMER16_1_IRQHandler
                0x00000148                USB_FIQHandler
                0x00000148                ADC_IRQHandler
                0x00000148                PIOINT2_IRQHandler
                0x00000148                USB_IRQHandler
                0x00000148                BOD_IRQHandler
                0x00000148                WAKEUP_IRQHandler
                0x00000148                PIOINT0_IRQHandler
                0x00000148                WDT_IRQHandler
                0x00000148                PIOINT3_IRQHandler
                0x00000148                FMC_IRQHandler
 *fill*         0x0000014a        0x2 ff
 .text.ResetISR
                0x0000014c       0x58 ./src/cr_startup_lpc13.o
                0x0000014c                ResetISR
 .text.intToString
                0x000001a4       0x58 ./src/main.o
 .text.getTicks
                0x000001fc        0xc ./src/main.o
 .text.SysTick_Handler
                0x00000208       0x10 ./src/main.o
                0x00000208                SysTick_Handler
 .text.main     0x00000218      0x270 ./src/main.o
                0x00000218                main
 .text.joystick_init
                0x00000488       0x3a C:\Users\247680\Documents\wbudy123\Lib_EaBaseBoard\Debug\libLib_EaBaseBoard.a(joystick.o)
                0x00000488                joystick_init
 .text.joystick_read
                0x000004c2       0x82 C:\Users\247680\Documents\wbudy123\Lib_EaBaseBoard\Debug\libLib_EaBaseBoard.a(joystick.o)
                0x000004c2                joystick_read
 .text.readControlReg
                0x00000544       0x2c C:\Users\247680\Documents\wbudy123\Lib_EaBaseBoard\Debug\libLib_EaBaseBoard.a(light.o)
 .text.light_init
                0x00000570        0xc C:\Users\247680\Documents\wbudy123\Lib_EaBaseBoard\Debug\libLib_EaBaseBoard.a(light.o)
                0x00000570                light_init
 .text.light_enable
                0x0000057c       0x3c C:\Users\247680\Documents\wbudy123\Lib_EaBaseBoard\Debug\libLib_EaBaseBoard.a(light.o)
                0x0000057c                light_enable
 .text.light_read
                0x000005b8       0x74 C:\Users\247680\Documents\wbudy123\Lib_EaBaseBoard\Debug\libLib_EaBaseBoard.a(light.o)
                0x000005b8                light_read
 .text.light_setRange
                0x0000062c       0x90 C:\Users\247680\Documents\wbudy123\Lib_EaBaseBoard\Debug\libLib_EaBaseBoard.a(light.o)
                0x0000062c                light_setRange
 .text.writeCommand
                0x000006bc       0x3a C:\Users\247680\Documents\wbudy123\Lib_EaBaseBoard\Debug\libLib_EaBaseBoard.a(oled.o)
 .text.writeData
                0x000006f6       0x3a C:\Users\247680\Documents\wbudy123\Lib_EaBaseBoard\Debug\libLib_EaBaseBoard.a(oled.o)
 .text.writeDataLen
                0x00000730       0x68 C:\Users\247680\Documents\wbudy123\Lib_EaBaseBoard\Debug\libLib_EaBaseBoard.a(oled.o)
 .text.runInitSequence
                0x00000798       0xd4 C:\Users\247680\Documents\wbudy123\Lib_EaBaseBoard\Debug\libLib_EaBaseBoard.a(oled.o)
 .text.hLine    0x0000086c       0x58 C:\Users\247680\Documents\wbudy123\Lib_EaBaseBoard\Debug\libLib_EaBaseBoard.a(oled.o)
 .text.vLine    0x000008c4       0x56 C:\Users\247680\Documents\wbudy123\Lib_EaBaseBoard\Debug\libLib_EaBaseBoard.a(oled.o)
 *fill*         0x0000091a        0x2 ff
 .text.oled_init
                0x0000091c       0x84 C:\Users\247680\Documents\wbudy123\Lib_EaBaseBoard\Debug\libLib_EaBaseBoard.a(oled.o)
                0x0000091c                oled_init
 .text.oled_putPixel
                0x000009a0      0x150 C:\Users\247680\Documents\wbudy123\Lib_EaBaseBoard\Debug\libLib_EaBaseBoard.a(oled.o)
                0x000009a0                oled_putPixel
 .text.oled_fillRect
                0x00000af0       0x9e C:\Users\247680\Documents\wbudy123\Lib_EaBaseBoard\Debug\libLib_EaBaseBoard.a(oled.o)
                0x00000af0                oled_fillRect
 *fill*         0x00000b8e        0x2 ff
 .text.oled_clearScreen
                0x00000b90       0x64 C:\Users\247680\Documents\wbudy123\Lib_EaBaseBoard\Debug\libLib_EaBaseBoard.a(oled.o)
                0x00000b90                oled_clearScreen
 .text.oled_putChar
                0x00000bf4       0xd8 C:\Users\247680\Documents\wbudy123\Lib_EaBaseBoard\Debug\libLib_EaBaseBoard.a(oled.o)
                0x00000bf4                oled_putChar
 .text.oled_putString
                0x00000ccc       0x52 C:\Users\247680\Documents\wbudy123\Lib_EaBaseBoard\Debug\libLib_EaBaseBoard.a(oled.o)
                0x00000ccc                oled_putString
 *fill*         0x00000d1e        0x2 ff
 .text.temp_init
                0x00000d20       0x24 C:\Users\247680\Documents\wbudy123\Lib_EaBaseBoard\Debug\libLib_EaBaseBoard.a(temp.o)
                0x00000d20                temp_init
 .text.temp_read
                0x00000d44       0xf8 C:\Users\247680\Documents\wbudy123\Lib_EaBaseBoard\Debug\libLib_EaBaseBoard.a(temp.o)
                0x00000d44                temp_read
 .text.ADCInit  0x00000e3c       0x9c C:\Users\247680\Documents\wbudy123\Lib_MCU\Debug\libLib_MCU.a(adc.o)
                0x00000e3c                ADCInit
 .text.ADCRead  0x00000ed8       0x88 C:\Users\247680\Documents\wbudy123\Lib_MCU\Debug\libLib_MCU.a(adc.o)
                0x00000ed8                ADCRead
 .text.NVIC_EnableIRQ
                0x00000f60       0x30 C:\Users\247680\Documents\wbudy123\Lib_MCU\Debug\libLib_MCU.a(gpio.o)
 .text.GPIOInit
                0x00000f90       0x8c C:\Users\247680\Documents\wbudy123\Lib_MCU\Debug\libLib_MCU.a(gpio.o)
                0x00000f90                GPIOInit
 .text.GPIOSetDir
                0x0000101c      0x230 C:\Users\247680\Documents\wbudy123\Lib_MCU\Debug\libLib_MCU.a(gpio.o)
                0x0000101c                GPIOSetDir
 .text.GPIOSetValue
                0x0000124c      0x160 C:\Users\247680\Documents\wbudy123\Lib_MCU\Debug\libLib_MCU.a(gpio.o)
                0x0000124c                GPIOSetValue
 .text.GPIOGetValue
                0x000013ac       0xd0 C:\Users\247680\Documents\wbudy123\Lib_MCU\Debug\libLib_MCU.a(gpio.o)
                0x000013ac                GPIOGetValue
 .text.NVIC_EnableIRQ
                0x0000147c       0x30 C:\Users\247680\Documents\wbudy123\Lib_MCU\Debug\libLib_MCU.a(i2c.o)
 .text.I2C_IRQHandler
                0x000014ac      0x310 C:\Users\247680\Documents\wbudy123\Lib_MCU\Debug\libLib_MCU.a(i2c.o)
                0x000014ac                I2C_IRQHandler
 .text.I2CStart
                0x000017bc       0x4c C:\Users\247680\Documents\wbudy123\Lib_MCU\Debug\libLib_MCU.a(i2c.o)
                0x000017bc                I2CStart
 .text.I2CStop  0x00001808       0x2e C:\Users\247680\Documents\wbudy123\Lib_MCU\Debug\libLib_MCU.a(i2c.o)
                0x00001808                I2CStop
 *fill*         0x00001836        0x2 ff
 .text.I2CInit  0x00001838       0xa0 C:\Users\247680\Documents\wbudy123\Lib_MCU\Debug\libLib_MCU.a(i2c.o)
                0x00001838                I2CInit
 .text.I2CEngine
                0x000018d8       0x48 C:\Users\247680\Documents\wbudy123\Lib_MCU\Debug\libLib_MCU.a(i2c.o)
                0x000018d8                I2CEngine
 .text.I2CRead  0x00001920       0x50 C:\Users\247680\Documents\wbudy123\Lib_MCU\Debug\libLib_MCU.a(i2c.o)
                0x00001920                I2CRead
 .text.I2CWrite
                0x00001970       0x4c C:\Users\247680\Documents\wbudy123\Lib_MCU\Debug\libLib_MCU.a(i2c.o)
                0x00001970                I2CWrite
 .text.NVIC_EnableIRQ
                0x000019bc       0x30 C:\Users\247680\Documents\wbudy123\Lib_MCU\Debug\libLib_MCU.a(ssp.o)
 .text.SSP_IRQHandler
                0x000019ec       0x70 C:\Users\247680\Documents\wbudy123\Lib_MCU\Debug\libLib_MCU.a(ssp.o)
                0x000019ec                SSP_IRQHandler
 .text.SSPInit  0x00001a5c       0xd4 C:\Users\247680\Documents\wbudy123\Lib_MCU\Debug\libLib_MCU.a(ssp.o)
                0x00001a5c                SSPInit
 .text.SSPSend  0x00001b30       0x5c C:\Users\247680\Documents\wbudy123\Lib_MCU\Debug\libLib_MCU.a(ssp.o)
                0x00001b30                SSPSend
 .text.NVIC_EnableIRQ
                0x00001b8c       0x30 C:\Users\247680\Documents\wbudy123\Lib_MCU\Debug\libLib_MCU.a(timer32.o)
 .text.delay32Ms
                0x00001bbc       0xd0 C:\Users\247680\Documents\wbudy123\Lib_MCU\Debug\libLib_MCU.a(timer32.o)
                0x00001bbc                delay32Ms
 .text.init_timer32
                0x00001c8c      0x110 C:\Users\247680\Documents\wbudy123\Lib_MCU\Debug\libLib_MCU.a(timer32.o)
                0x00001c8c                init_timer32
 .text.NVIC_DisableIRQ
                0x00001d9c       0x34 C:\Users\247680\Documents\wbudy123\Lib_MCU\Debug\libLib_MCU.a(uart.o)
 .text.UARTInit
                0x00001dd0       0xec C:\Users\247680\Documents\wbudy123\Lib_MCU\Debug\libLib_MCU.a(uart.o)
                0x00001dd0                UARTInit
 .text.UARTSendString
                0x00001ebc       0x44 C:\Users\247680\Documents\wbudy123\Lib_MCU\Debug\libLib_MCU.a(uart.o)
                0x00001ebc                UARTSendString
 .text.SystemInit
                0x00001f00       0xc4 C:\Users\247680\Documents\wbudy123\Lib_CMSISv1p30_LPC13xx\Debug\libLib_CMSISv1p30_LPC13xx.a(system_LPC13xx.o)
                0x00001f00                SystemInit
 .text.__main   0x00001fc4        0xe c:/nxp/mcuxpressoide_11.3.1_5262/ide/plugins/com.nxp.mcuxpresso.tools.win32_11.3.0.202008311133/tools/bin/../lib/gcc/arm-none-eabi/9.3.1/../../../../arm-none-eabi/lib/thumb/v7-m/nofp\libcr_semihost.a(_cr__main.o)
                0x00001fc4                __CR_SEMIHOST
                0x00001fc4                __main
 .text.memset   0x00001fd2        0x4 c:/nxp/mcuxpressoide_11.3.1_5262/ide/plugins/com.nxp.mcuxpresso.tools.win32_11.3.0.202008311133/tools/bin/../lib/gcc/arm-none-eabi/9.3.1/../../../../arm-none-eabi/lib/thumb/v7-m/nofp\libcr_c.a(memset.o)
                0x00001fd2                memset
 *fill*         0x00001fd6        0x2 ff
 .text._initio  0x00001fd8       0x78 c:/nxp/mcuxpressoide_11.3.1_5262/ide/plugins/com.nxp.mcuxpresso.tools.win32_11.3.0.202008311133/tools/bin/../lib/gcc/arm-none-eabi/9.3.1/../../../../arm-none-eabi/lib/thumb/v7-m/nofp\libcr_c.a(initio.o)
                0x00001fd8                _initio
 .text.setvbuf  0x00002050       0x3e c:/nxp/mcuxpressoide_11.3.1_5262/ide/plugins/com.nxp.mcuxpresso.tools.win32_11.3.0.202008311133/tools/bin/../lib/gcc/arm-none-eabi/9.3.1/../../../../arm-none-eabi/lib/thumb/v7-m/nofp\libcr_c.a(setvbuf.o)
                0x00002050                setvbuf
 .text._fdopen  0x0000208e       0x68 c:/nxp/mcuxpressoide_11.3.1_5262/ide/plugins/com.nxp.mcuxpresso.tools.win32_11.3.0.202008311133/tools/bin/../lib/gcc/arm-none-eabi/9.3.1/../../../../arm-none-eabi/lib/thumb/v7-m/nofp\libcr_c.a(_fdopen.o)
                0x0000208e                _fdopen
 .text.fclose   0x000020f6       0x58 c:/nxp/mcuxpressoide_11.3.1_5262/ide/plugins/com.nxp.mcuxpresso.tools.win32_11.3.0.202008311133/tools/bin/../lib/gcc/arm-none-eabi/9.3.1/../../../../arm-none-eabi/lib/thumb/v7-m/nofp\libcr_c.a(fclose.o)
                0x000020f6                fclose
 *fill*         0x0000214e        0x2 ff
 .text.fflush   0x00002150       0x44 c:/nxp/mcuxpressoide_11.3.1_5262/ide/plugins/com.nxp.mcuxpresso.tools.win32_11.3.0.202008311133/tools/bin/../lib/gcc/arm-none-eabi/9.3.1/../../../../arm-none-eabi/lib/thumb/v7-m/nofp\libcr_c.a(fflush.o)
                0x00002150                fflush
 .text.fseek    0x00002194      0x100 c:/nxp/mcuxpressoide_11.3.1_5262/ide/plugins/com.nxp.mcuxpresso.tools.win32_11.3.0.202008311133/tools/bin/../lib/gcc/arm-none-eabi/9.3.1/../../../../arm-none-eabi/lib/thumb/v7-m/nofp\libcr_c.a(fseek.o)
                0x00002194                fseek
 .text.ftell    0x00002294       0x44 c:/nxp/mcuxpressoide_11.3.1_5262/ide/plugins/com.nxp.mcuxpresso.tools.win32_11.3.0.202008311133/tools/bin/../lib/gcc/arm-none-eabi/9.3.1/../../../../arm-none-eabi/lib/thumb/v7-m/nofp\libcr_c.a(ftell.o)
                0x00002294                ftell
 .text.remove   0x000022d8       0x14 c:/nxp/mcuxpressoide_11.3.1_5262/ide/plugins/com.nxp.mcuxpresso.tools.win32_11.3.0.202008311133/tools/bin/../lib/gcc/arm-none-eabi/9.3.1/../../../../arm-none-eabi/lib/thumb/v7-m/nofp\libcr_c.a(remove.o)
                0x000022d8                remove
 .text.strlen   0x000022ec       0x4c c:/nxp/mcuxpressoide_11.3.1_5262/ide/plugins/com.nxp.mcuxpresso.tools.win32_11.3.0.202008311133/tools/bin/../lib/gcc/arm-none-eabi/9.3.1/../../../../arm-none-eabi/lib/thumb/v7-m/nofp\libcr_c.a(strlen.o)
                0x000022ec                strlen
 .text._do_fflush
                0x00002338       0x40 c:/nxp/mcuxpressoide_11.3.1_5262/ide/plugins/com.nxp.mcuxpresso.tools.win32_11.3.0.202008311133/tools/bin/../lib/gcc/arm-none-eabi/9.3.1/../../../../arm-none-eabi/lib/thumb/v7-m/nofp\libcr_c.a(_do_fflush.o)
                0x00002338                _do_fflush
 .text._fflush  0x00002378       0x52 c:/nxp/mcuxpressoide_11.3.1_5262/ide/plugins/com.nxp.mcuxpresso.tools.win32_11.3.0.202008311133/tools/bin/../lib/gcc/arm-none-eabi/9.3.1/../../../../arm-none-eabi/lib/thumb/v7-m/nofp\libcr_c.a(_fflush.o)
                0x00002378                _fflush
 *fill*         0x000023ca        0x2 ff
 .text._Cwritebuf
                0x000023cc       0x6c c:/nxp/mcuxpressoide_11.3.1_5262/ide/plugins/com.nxp.mcuxpresso.tools.win32_11.3.0.202008311133/tools/bin/../lib/gcc/arm-none-eabi/9.3.1/../../../../arm-none-eabi/lib/thumb/v7-m/nofp\libcr_c.a(_writebuf.o)
                0x000023cc                _Cwritebuf
 .text.free     0x00002438       0x30 c:/nxp/mcuxpressoide_11.3.1_5262/ide/plugins/com.nxp.mcuxpresso.tools.win32_11.3.0.202008311133/tools/bin/../lib/gcc/arm-none-eabi/9.3.1/../../../../arm-none-eabi/lib/thumb/v7-m/nofp\libcr_c.a(alloc.o)
                0x00002438                free
 .text._deferredlazyseek
                0x00002468       0x40 c:/nxp/mcuxpressoide_11.3.1_5262/ide/plugins/com.nxp.mcuxpresso.tools.win32_11.3.0.202008311133/tools/bin/../lib/gcc/arm-none-eabi/9.3.1/../../../../arm-none-eabi/lib/thumb/v7-m/nofp\libcr_c.a(_deferredlazyseek.o)
                0x00002468                _deferredlazyseek
 .text.__aeabi_dmul
                0x000024a8      0x114 c:/nxp/mcuxpressoide_11.3.1_5262/ide/plugins/com.nxp.mcuxpresso.tools.win32_11.3.0.202008311133/tools/bin/../lib/gcc/arm-none-eabi/9.3.1/thumb/v7-m/nofp\libcr_eabihelpers.a(double.o)
                0x000024a8                __aeabi_dmul
 .text.__aeabi_ddiv
                0x000025bc      0x144 c:/nxp/mcuxpressoide_11.3.1_5262/ide/plugins/com.nxp.mcuxpresso.tools.win32_11.3.0.202008311133/tools/bin/../lib/gcc/arm-none-eabi/9.3.1/thumb/v7-m/nofp\libcr_eabihelpers.a(double.o)
                0x000025bc                __aeabi_ddiv
 .text.__aeabi_dsub
                0x00002700      0x1a8 c:/nxp/mcuxpressoide_11.3.1_5262/ide/plugins/com.nxp.mcuxpresso.tools.win32_11.3.0.202008311133/tools/bin/../lib/gcc/arm-none-eabi/9.3.1/thumb/v7-m/nofp\libcr_eabihelpers.a(double.o)
                0x00002700                __aeabi_dsub
 .text.__aeabi_dadd
                0x000028a8      0x110 c:/nxp/mcuxpressoide_11.3.1_5262/ide/plugins/com.nxp.mcuxpresso.tools.win32_11.3.0.202008311133/tools/bin/../lib/gcc/arm-none-eabi/9.3.1/thumb/v7-m/nofp\libcr_eabihelpers.a(double.o)
                0x000028a8                __aeabi_dadd
 .text.__aeabi_d2iz
                0x000029b8       0x42 c:/nxp/mcuxpressoide_11.3.1_5262/ide/plugins/com.nxp.mcuxpresso.tools.win32_11.3.0.202008311133/tools/bin/../lib/gcc/arm-none-eabi/9.3.1/thumb/v7-m/nofp\libcr_eabihelpers.a(double.o)
                0x000029b8                __aeabi_d2iz
 .text.__bhs_ui2d
                0x000029fa       0x46 c:/nxp/mcuxpressoide_11.3.1_5262/ide/plugins/com.nxp.mcuxpresso.tools.win32_11.3.0.202008311133/tools/bin/../lib/gcc/arm-none-eabi/9.3.1/thumb/v7-m/nofp\libcr_eabihelpers.a(double.o)
                0x000029fa                __bhs_ui2d
 .text.__aeabi_i2d
                0x00002a40       0x12 c:/nxp/mcuxpressoide_11.3.1_5262/ide/plugins/com.nxp.mcuxpresso.tools.win32_11.3.0.202008311133/tools/bin/../lib/gcc/arm-none-eabi/9.3.1/thumb/v7-m/nofp\libcr_eabihelpers.a(double.o)
                0x00002a40                __aeabi_i2d
 .text.__aeabi_memset_lowlevel
                0x00002a52       0x32 c:/nxp/mcuxpressoide_11.3.1_5262/ide/plugins/com.nxp.mcuxpresso.tools.win32_11.3.0.202008311133/tools/bin/../lib/gcc/arm-none-eabi/9.3.1/thumb/v7-m/nofp\libcr_eabihelpers.a(memcpy.o)
                0x00002a52                __aeabi_lowlevel_memset
 .text.__sys_close
                0x00002a84        0xc c:/nxp/mcuxpressoide_11.3.1_5262/ide/plugins/com.nxp.mcuxpresso.tools.win32_11.3.0.202008311133/tools/bin/../lib/gcc/arm-none-eabi/9.3.1/../../../../arm-none-eabi/lib/thumb/v7-m/nofp\libcr_semihost.a(__sys_close.o)
                0x00002a84                __sys_close
 .text.__sys_flen
                0x00002a90        0xc c:/nxp/mcuxpressoide_11.3.1_5262/ide/plugins/com.nxp.mcuxpresso.tools.win32_11.3.0.202008311133/tools/bin/../lib/gcc/arm-none-eabi/9.3.1/../../../../arm-none-eabi/lib/thumb/v7-m/nofp\libcr_semihost.a(__sys_flen.o)
                0x00002a90                __sys_flen
 .text.__sys_istty
                0x00002a9c        0xc c:/nxp/mcuxpressoide_11.3.1_5262/ide/plugins/com.nxp.mcuxpresso.tools.win32_11.3.0.202008311133/tools/bin/../lib/gcc/arm-none-eabi/9.3.1/../../../../arm-none-eabi/lib/thumb/v7-m/nofp\libcr_semihost.a(__sys_istty.o)
                0x00002a9c                __sys_istty
 .text.__sys_remove
                0x00002aa8        0xc c:/nxp/mcuxpressoide_11.3.1_5262/ide/plugins/com.nxp.mcuxpresso.tools.win32_11.3.0.202008311133/tools/bin/../lib/gcc/arm-none-eabi/9.3.1/../../../../arm-none-eabi/lib/thumb/v7-m/nofp\libcr_semihost.a(__sys_remove.o)
                0x00002aa8                __sys_remove
 .text.__sys_seek
                0x00002ab4        0xc c:/nxp/mcuxpressoide_11.3.1_5262/ide/plugins/com.nxp.mcuxpresso.tools.win32_11.3.0.202008311133/tools/bin/../lib/gcc/arm-none-eabi/9.3.1/../../../../arm-none-eabi/lib/thumb/v7-m/nofp\libcr_semihost.a(__sys_seek.o)
                0x00002ab4                __sys_seek
 .text.__sys_tmpnam
                0x00002ac0        0xc c:/nxp/mcuxpressoide_11.3.1_5262/ide/plugins/com.nxp.mcuxpresso.tools.win32_11.3.0.202008311133/tools/bin/../lib/gcc/arm-none-eabi/9.3.1/../../../../arm-none-eabi/lib/thumb/v7-m/nofp\libcr_semihost.a(__sys_tmpnam.o)
                0x00002ac0                __sys_tmpnam
 .text.__sys_write
                0x00002acc        0xc c:/nxp/mcuxpressoide_11.3.1_5262/ide/plugins/com.nxp.mcuxpresso.tools.win32_11.3.0.202008311133/tools/bin/../lib/gcc/arm-none-eabi/9.3.1/../../../../arm-none-eabi/lib/thumb/v7-m/nofp\libcr_semihost.a(__sys_write.o)
                0x00002acc                __sys_write
 *(.rodata .rodata.* .constdata .constdata.*)
 .rodata.str1.4
                0x00002ad8       0x88 ./src/main.o
 .rodata        0x00002b60        0x8 C:\Users\247680\Documents\wbudy123\Lib_EaBaseBoard\Debug\libLib_EaBaseBoard.a(oled.o)
 .rodata        0x00002b68      0x300 C:\Users\247680\Documents\wbudy123\Lib_EaBaseBoard\Debug\libLib_EaBaseBoard.a(font5x7.o)
                0x00002b68                font5x7
 .rodata._initio.str1.1
                0x00002e68        0x4 c:/nxp/mcuxpressoide_11.3.1_5262/ide/plugins/com.nxp.mcuxpresso.tools.win32_11.3.0.202008311133/tools/bin/../lib/gcc/arm-none-eabi/9.3.1/../../../../arm-none-eabi/lib/thumb/v7-m/nofp\libcr_c.a(initio.o)
 .rodata.__num_Ciob_streams
                0x00002e6c        0x4 c:/nxp/mcuxpressoide_11.3.1_5262/ide/plugins/com.nxp.mcuxpresso.tools.win32_11.3.0.202008311133/tools/bin/../lib/gcc/arm-none-eabi/9.3.1/../../../../arm-none-eabi/lib/thumb/v7-m/nofp\libcr_semihost.a(__ciob.o)
                0x00002e6c                __num_Ciob_streams
                0x00002e70                . = ALIGN (0x4)

.glue_7         0x00002e70        0x0
 .glue_7        0x00002e70        0x0 linker stubs

.glue_7t        0x00002e70        0x0
 .glue_7t       0x00002e70        0x0 linker stubs

.vfp11_veneer   0x00002e70        0x0
 .vfp11_veneer  0x00002e70        0x0 linker stubs

.v4_bx          0x00002e70        0x0
 .v4_bx         0x00002e70        0x0 linker stubs

.iplt           0x00002e70        0x0
 .iplt          0x00002e70        0x0 ./src/cr_startup_lpc13.o

.rel.dyn        0x00002e70        0x0
 .rel.iplt      0x00002e70        0x0 ./src/cr_startup_lpc13.o

.ARM.extab
 *(.ARM.extab* .gnu.linkonce.armextab.*)

.ARM.exidx      0x00002e70        0x0
                0x00002e70                __exidx_start = .
 *(.ARM.exidx* .gnu.linkonce.armexidx.*)
                0x00002e70                __exidx_end = .
                0x00002e70                _etext = .

.uninit_RESERVED
                0x10000000        0x0
                0x10000000                _start_uninit_RESERVED = .
 *(.bss.$RESERVED*)
                0x10000000                . = ALIGN (0x4)
                0x10000000                _end_uninit_RESERVED = .

.data           0x10000000        0xc load address 0x00002e70
 FILL mask 0xff
                0x10000000                _data = .
                [!provide]                PROVIDE (__start_data_RAM = .)
                [!provide]                PROVIDE (__start_data_RamLoc8 = .)
 *(vtable)
 *(.ramfunc*)
 *(CodeQuickAccess)
 *(DataQuickAccess)
 *(RamFunction)
 *(.data*)
 .data          0x10000000        0x8 C:\Users\247680\Documents\wbudy123\Lib_EaBaseBoard\Debug\libLib_EaBaseBoard.a(light.o)
 .data          0x10000008        0x4 C:\Users\247680\Documents\wbudy123\Lib_CMSISv1p30_LPC13xx\Debug\libLib_CMSISv1p30_LPC13xx.a(system_LPC13xx.o)
                0x10000008                SystemCoreClock
                0x1000000c                . = ALIGN (0x4)
                0x1000000c                _edata = .
                [!provide]                PROVIDE (__end_data_RAM = .)
                [!provide]                PROVIDE (__end_data_RamLoc8 = .)

.igot.plt       0x1000000c        0x0 load address 0x00002e7c
 .igot.plt      0x1000000c        0x0 ./src/cr_startup_lpc13.o

.bss            0x1000000c      0x540
                0x1000000c                _bss = .
                [!provide]                PROVIDE (__start_bss_RAM = .)
                [!provide]                PROVIDE (__start_bss_RamLoc8 = .)
 *(.bss*)
 .bss           0x1000000c        0xe ./src/main.o
 *fill*         0x1000001a        0x2 
 .bss           0x1000001c      0x300 C:\Users\247680\Documents\wbudy123\Lib_EaBaseBoard\Debug\libLib_EaBaseBoard.a(oled.o)
 .bss           0x1000031c        0x4 C:\Users\247680\Documents\wbudy123\Lib_EaBaseBoard\Debug\libLib_EaBaseBoard.a(temp.o)
 .bss           0x10000320       0x10 C:\Users\247680\Documents\wbudy123\Lib_MCU\Debug\libLib_MCU.a(gpio.o)
 .bss           0x10000330       0x29 C:\Users\247680\Documents\wbudy123\Lib_MCU\Debug\libLib_MCU.a(i2c.o)
 *fill*         0x10000359        0x3 
 .bss           0x1000035c        0xc C:\Users\247680\Documents\wbudy123\Lib_MCU\Debug\libLib_MCU.a(ssp.o)
                0x1000035c                interruptRxStat
                0x10000360                interruptOverRunStat
                0x10000364                interruptRxTimeoutStat
 .bss.errno     0x10000368        0x4 c:/nxp/mcuxpressoide_11.3.1_5262/ide/plugins/com.nxp.mcuxpresso.tools.win32_11.3.0.202008311133/tools/bin/../lib/gcc/arm-none-eabi/9.3.1/../../../../arm-none-eabi/lib/thumb/v7-m/nofp\libcr_c.a(errno.o)
                0x10000368                errno
 .bss.__Ciob    0x1000036c      0x1e0 c:/nxp/mcuxpressoide_11.3.1_5262/ide/plugins/com.nxp.mcuxpresso.tools.win32_11.3.0.202008311133/tools/bin/../lib/gcc/arm-none-eabi/9.3.1/../../../../arm-none-eabi/lib/thumb/v7-m/nofp\libcr_semihost.a(__ciob.o)
                0x1000036c                __Ciob
 *(COMMON)
                0x1000054c                . = ALIGN (0x4)
                0x1000054c                _ebss = .
                [!provide]                PROVIDE (__end_bss_RAM = .)
                [!provide]                PROVIDE (__end_bss_RamLoc8 = .)
                [!provide]                PROVIDE (end = .)

.noinit         0x1000054c        0x0
                0x1000054c                _noinit = .
                [!provide]                PROVIDE (__start_noinit_RAM = .)
                [!provide]                PROVIDE (__start_noinit_RamLoc8 = .)
 *(.noinit*)
                0x1000054c                . = ALIGN (0x4)
                0x1000054c                _end_noinit = .
                [!provide]                PROVIDE (__end_noinit_RAM = .)
                [!provide]                PROVIDE (__end_noinit_RamLoc8 = .)
                0x1000054c                PROVIDE (_pvHeapStart = DEFINED (__user_heap_base)?__user_heap_base:.)
                0x10002000                PROVIDE (_vStackTop = DEFINED (__user_stack_top)?__user_stack_top:(__top_RamLoc8 - 0x0))
                [!provide]                PROVIDE (__valid_user_code_checksum = (0x0 - ((((((_vStackTop + (ResetISR + 0x1)) + (NMI_Handler + 0x1)) + (HardFault_Handler + 0x1)) + (DEFINED (MemManage_Handler)?MemManage_Handler:0x0 + 0x1)) + (DEFINED (BusFault_Handler)?BusFault_Handler:0x0 + 0x1)) + (DEFINED (UsageFault_Handler)?UsageFault_Handler:0x0 + 0x1))))
                0x00000000                _image_start = LOADADDR (.text)
                0x00002e7c                _image_end = (LOADADDR (.data) + SIZEOF (.data))
                0x00002e7c                _image_size = (_image_end - _image_start)
OUTPUT(oled_periph.axf elf32-littlearm)
LOAD linker stubs

.debug_info     0x00000000     0x71b2
 .debug_info    0x00000000      0x256 ./src/cr_startup_lpc13.o
 .debug_info    0x00000256     0x1234 ./src/main.o
 .debug_info    0x0000148a      0x11a C:\Users\247680\Documents\wbudy123\Lib_EaBaseBoard\Debug\libLib_EaBaseBoard.a(joystick.o)
 .debug_info    0x000015a4      0x4e9 C:\Users\247680\Documents\wbudy123\Lib_EaBaseBoard\Debug\libLib_EaBaseBoard.a(light.o)
 .debug_info    0x00001a8d      0x866 C:\Users\247680\Documents\wbudy123\Lib_EaBaseBoard\Debug\libLib_EaBaseBoard.a(oled.o)
 .debug_info    0x000022f3      0x2a3 C:\Users\247680\Documents\wbudy123\Lib_EaBaseBoard\Debug\libLib_EaBaseBoard.a(temp.o)
 .debug_info    0x00002596       0x62 C:\Users\247680\Documents\wbudy123\Lib_EaBaseBoard\Debug\libLib_EaBaseBoard.a(font5x7.o)
 .debug_info    0x000025f8      0x8be C:\Users\247680\Documents\wbudy123\Lib_MCU\Debug\libLib_MCU.a(adc.o)
 .debug_info    0x00002eb6      0xb6e C:\Users\247680\Documents\wbudy123\Lib_MCU\Debug\libLib_MCU.a(gpio.o)
 .debug_info    0x00003a24      0xd46 C:\Users\247680\Documents\wbudy123\Lib_MCU\Debug\libLib_MCU.a(i2c.o)
 .debug_info    0x0000476a      0xbe3 C:\Users\247680\Documents\wbudy123\Lib_MCU\Debug\libLib_MCU.a(ssp.o)
 .debug_info    0x0000534d      0xc59 C:\Users\247680\Documents\wbudy123\Lib_MCU\Debug\libLib_MCU.a(timer32.o)
 .debug_info    0x00005fa6      0xcba C:\Users\247680\Documents\wbudy123\Lib_MCU\Debug\libLib_MCU.a(uart.o)
 .debug_info    0x00006c60      0x552 C:\Users\247680\Documents\wbudy123\Lib_CMSISv1p30_LPC13xx\Debug\libLib_CMSISv1p30_LPC13xx.a(system_LPC13xx.o)

.debug_abbrev   0x00000000     0x185d
 .debug_abbrev  0x00000000      0x10b ./src/cr_startup_lpc13.o
 .debug_abbrev  0x0000010b      0x33e ./src/main.o
 .debug_abbrev  0x00000449       0xd0 C:\Users\247680\Documents\wbudy123\Lib_EaBaseBoard\Debug\libLib_EaBaseBoard.a(joystick.o)
 .debug_abbrev  0x00000519      0x1d6 C:\Users\247680\Documents\wbudy123\Lib_EaBaseBoard\Debug\libLib_EaBaseBoard.a(light.o)
 .debug_abbrev  0x000006ef      0x1e2 C:\Users\247680\Documents\wbudy123\Lib_EaBaseBoard\Debug\libLib_EaBaseBoard.a(oled.o)
 .debug_abbrev  0x000008d1      0x183 C:\Users\247680\Documents\wbudy123\Lib_EaBaseBoard\Debug\libLib_EaBaseBoard.a(temp.o)
 .debug_abbrev  0x00000a54       0x4a C:\Users\247680\Documents\wbudy123\Lib_EaBaseBoard\Debug\libLib_EaBaseBoard.a(font5x7.o)
 .debug_abbrev  0x00000a9e      0x19e C:\Users\247680\Documents\wbudy123\Lib_MCU\Debug\libLib_MCU.a(adc.o)
 .debug_abbrev  0x00000c3c      0x276 C:\Users\247680\Documents\wbudy123\Lib_MCU\Debug\libLib_MCU.a(gpio.o)
 .debug_abbrev  0x00000eb2      0x260 C:\Users\247680\Documents\wbudy123\Lib_MCU\Debug\libLib_MCU.a(i2c.o)
 .debug_abbrev  0x00001112      0x210 C:\Users\247680\Documents\wbudy123\Lib_MCU\Debug\libLib_MCU.a(ssp.o)
 .debug_abbrev  0x00001322      0x1db C:\Users\247680\Documents\wbudy123\Lib_MCU\Debug\libLib_MCU.a(timer32.o)
 .debug_abbrev  0x000014fd      0x220 C:\Users\247680\Documents\wbudy123\Lib_MCU\Debug\libLib_MCU.a(uart.o)
 .debug_abbrev  0x0000171d      0x140 C:\Users\247680\Documents\wbudy123\Lib_CMSISv1p30_LPC13xx\Debug\libLib_CMSISv1p30_LPC13xx.a(system_LPC13xx.o)

.debug_loc      0x00000000      0x61d
 .debug_loc     0x00000000       0x31 ./src/cr_startup_lpc13.o
 .debug_loc     0x00000031      0x31a ./src/main.o
 .debug_loc     0x0000034b      0x2d2 C:\Users\247680\Documents\wbudy123\Lib_CMSISv1p30_LPC13xx\Debug\libLib_CMSISv1p30_LPC13xx.a(system_LPC13xx.o)

.debug_aranges  0x00000000      0x410
 .debug_aranges
                0x00000000       0x70 ./src/cr_startup_lpc13.o
 .debug_aranges
                0x00000070       0x38 ./src/main.o
 .debug_aranges
                0x000000a8       0x28 C:\Users\247680\Documents\wbudy123\Lib_EaBaseBoard\Debug\libLib_EaBaseBoard.a(joystick.o)
 .debug_aranges
                0x000000d0       0x88 C:\Users\247680\Documents\wbudy123\Lib_EaBaseBoard\Debug\libLib_EaBaseBoard.a(light.o)
 .debug_aranges
                0x00000158       0x90 C:\Users\247680\Documents\wbudy123\Lib_EaBaseBoard\Debug\libLib_EaBaseBoard.a(oled.o)
 .debug_aranges
                0x000001e8       0x28 C:\Users\247680\Documents\wbudy123\Lib_EaBaseBoard\Debug\libLib_EaBaseBoard.a(temp.o)
 .debug_aranges
                0x00000210       0x18 C:\Users\247680\Documents\wbudy123\Lib_EaBaseBoard\Debug\libLib_EaBaseBoard.a(font5x7.o)
 .debug_aranges
                0x00000228       0x30 C:\Users\247680\Documents\wbudy123\Lib_MCU\Debug\libLib_MCU.a(adc.o)
 .debug_aranges
                0x00000258       0x68 C:\Users\247680\Documents\wbudy123\Lib_MCU\Debug\libLib_MCU.a(gpio.o)
 .debug_aranges
                0x000002c0       0x58 C:\Users\247680\Documents\wbudy123\Lib_MCU\Debug\libLib_MCU.a(i2c.o)
 .debug_aranges
                0x00000318       0x40 C:\Users\247680\Documents\wbudy123\Lib_MCU\Debug\libLib_MCU.a(ssp.o)
 .debug_aranges
                0x00000358       0x50 C:\Users\247680\Documents\wbudy123\Lib_MCU\Debug\libLib_MCU.a(timer32.o)
 .debug_aranges
                0x000003a8       0x40 C:\Users\247680\Documents\wbudy123\Lib_MCU\Debug\libLib_MCU.a(uart.o)
 .debug_aranges
                0x000003e8       0x28 C:\Users\247680\Documents\wbudy123\Lib_CMSISv1p30_LPC13xx\Debug\libLib_CMSISv1p30_LPC13xx.a(system_LPC13xx.o)

.debug_ranges   0x00000000      0x340
 .debug_ranges  0x00000000       0x60 ./src/cr_startup_lpc13.o
 .debug_ranges  0x00000060       0x40 ./src/main.o
 .debug_ranges  0x000000a0       0x18 C:\Users\247680\Documents\wbudy123\Lib_EaBaseBoard\Debug\libLib_EaBaseBoard.a(joystick.o)
 .debug_ranges  0x000000b8       0x78 C:\Users\247680\Documents\wbudy123\Lib_EaBaseBoard\Debug\libLib_EaBaseBoard.a(light.o)
 .debug_ranges  0x00000130       0x80 C:\Users\247680\Documents\wbudy123\Lib_EaBaseBoard\Debug\libLib_EaBaseBoard.a(oled.o)
 .debug_ranges  0x000001b0       0x18 C:\Users\247680\Documents\wbudy123\Lib_EaBaseBoard\Debug\libLib_EaBaseBoard.a(temp.o)
 .debug_ranges  0x000001c8       0x20 C:\Users\247680\Documents\wbudy123\Lib_MCU\Debug\libLib_MCU.a(adc.o)
 .debug_ranges  0x000001e8       0x58 C:\Users\247680\Documents\wbudy123\Lib_MCU\Debug\libLib_MCU.a(gpio.o)
 .debug_ranges  0x00000240       0x48 C:\Users\247680\Documents\wbudy123\Lib_MCU\Debug\libLib_MCU.a(i2c.o)
 .debug_ranges  0x00000288       0x30 C:\Users\247680\Documents\wbudy123\Lib_MCU\Debug\libLib_MCU.a(ssp.o)
 .debug_ranges  0x000002b8       0x40 C:\Users\247680\Documents\wbudy123\Lib_MCU\Debug\libLib_MCU.a(timer32.o)
 .debug_ranges  0x000002f8       0x30 C:\Users\247680\Documents\wbudy123\Lib_MCU\Debug\libLib_MCU.a(uart.o)
 .debug_ranges  0x00000328       0x18 C:\Users\247680\Documents\wbudy123\Lib_CMSISv1p30_LPC13xx\Debug\libLib_CMSISv1p30_LPC13xx.a(system_LPC13xx.o)

.debug_macro    0x00000000     0x4c87
 .debug_macro   0x00000000       0x52 ./src/cr_startup_lpc13.o
 .debug_macro   0x00000052      0xaae ./src/cr_startup_lpc13.o
 .debug_macro   0x00000b00       0x10 ./src/cr_startup_lpc13.o
 .debug_macro   0x00000b10      0x12e ./src/cr_startup_lpc13.o
 .debug_macro   0x00000c3e      0x5b3 ./src/cr_startup_lpc13.o
 .debug_macro   0x000011f1      0x109 ./src/main.o
 .debug_macro   0x000012fa       0x1c ./src/main.o
 .debug_macro   0x00001316       0x22 ./src/main.o
 .debug_macro   0x00001338      0x7b7 ./src/main.o
 .debug_macro   0x00001aef      0x115 ./src/main.o
 .debug_macro   0x00001c04       0x1c ./src/main.o
 .debug_macro   0x00001c20       0xa0 ./src/main.o
 .debug_macro   0x00001cc0       0x9a ./src/main.o
 .debug_macro   0x00001d5a       0x16 ./src/main.o
 .debug_macro   0x00001d70       0xb8 ./src/main.o
 .debug_macro   0x00001e28       0x22 ./src/main.o
 .debug_macro   0x00001e4a      0x11e ./src/main.o
 .debug_macro   0x00001f68       0x46 ./src/main.o
 .debug_macro   0x00001fae       0x22 ./src/main.o
 .debug_macro   0x00001fd0       0x16 ./src/main.o
 .debug_macro   0x00001fe6       0x28 ./src/main.o
 .debug_macro   0x0000200e       0x8d C:\Users\247680\Documents\wbudy123\Lib_EaBaseBoard\Debug\libLib_EaBaseBoard.a(joystick.o)
 .debug_macro   0x0000209b      0xaa8 C:\Users\247680\Documents\wbudy123\Lib_EaBaseBoard\Debug\libLib_EaBaseBoard.a(joystick.o)
 .debug_macro   0x00002b43      0x12a C:\Users\247680\Documents\wbudy123\Lib_EaBaseBoard\Debug\libLib_EaBaseBoard.a(light.o)
 .debug_macro   0x00002c6d       0xe1 C:\Users\247680\Documents\wbudy123\Lib_EaBaseBoard\Debug\libLib_EaBaseBoard.a(oled.o)
 .debug_macro   0x00002d4e       0xb8 C:\Users\247680\Documents\wbudy123\Lib_EaBaseBoard\Debug\libLib_EaBaseBoard.a(temp.o)
 .debug_macro   0x00002e06       0x1a C:\Users\247680\Documents\wbudy123\Lib_EaBaseBoard\Debug\libLib_EaBaseBoard.a(font5x7.o)
 .debug_macro   0x00002e20      0x696 C:\Users\247680\Documents\wbudy123\Lib_EaBaseBoard\Debug\libLib_EaBaseBoard.a(font5x7.o)
 .debug_macro   0x000034b6       0x7b C:\Users\247680\Documents\wbudy123\Lib_MCU\Debug\libLib_MCU.a(adc.o)
 .debug_macro   0x00003531       0x7b C:\Users\247680\Documents\wbudy123\Lib_MCU\Debug\libLib_MCU.a(gpio.o)
 .debug_macro   0x000035ac       0x84 C:\Users\247680\Documents\wbudy123\Lib_MCU\Debug\libLib_MCU.a(i2c.o)
 .debug_macro   0x00003630       0x84 C:\Users\247680\Documents\wbudy123\Lib_MCU\Debug\libLib_MCU.a(ssp.o)
 .debug_macro   0x000036b4       0x7b C:\Users\247680\Documents\wbudy123\Lib_MCU\Debug\libLib_MCU.a(timer32.o)
 .debug_macro   0x0000372f       0x81 C:\Users\247680\Documents\wbudy123\Lib_MCU\Debug\libLib_MCU.a(uart.o)
 .debug_macro   0x000037b0      0x12f C:\Users\247680\Documents\wbudy123\Lib_CMSISv1p30_LPC13xx\Debug\libLib_CMSISv1p30_LPC13xx.a(system_LPC13xx.o)
 .debug_macro   0x000038df      0xaa2 C:\Users\247680\Documents\wbudy123\Lib_CMSISv1p30_LPC13xx\Debug\libLib_CMSISv1p30_LPC13xx.a(system_LPC13xx.o)
 .debug_macro   0x00004381       0x1c C:\Users\247680\Documents\wbudy123\Lib_CMSISv1p30_LPC13xx\Debug\libLib_CMSISv1p30_LPC13xx.a(system_LPC13xx.o)
 .debug_macro   0x0000439d      0x7d5 C:\Users\247680\Documents\wbudy123\Lib_CMSISv1p30_LPC13xx\Debug\libLib_CMSISv1p30_LPC13xx.a(system_LPC13xx.o)
 .debug_macro   0x00004b72      0x115 C:\Users\247680\Documents\wbudy123\Lib_CMSISv1p30_LPC13xx\Debug\libLib_CMSISv1p30_LPC13xx.a(system_LPC13xx.o)

.debug_line     0x00000000     0x3c33
 .debug_line    0x00000000      0x378 ./src/cr_startup_lpc13.o
 .debug_line    0x00000378      0x541 ./src/main.o
 .debug_line    0x000008b9      0x2ca C:\Users\247680\Documents\wbudy123\Lib_EaBaseBoard\Debug\libLib_EaBaseBoard.a(joystick.o)
 .debug_line    0x00000b83      0x498 C:\Users\247680\Documents\wbudy123\Lib_EaBaseBoard\Debug\libLib_EaBaseBoard.a(light.o)
 .debug_line    0x0000101b      0x7ca C:\Users\247680\Documents\wbudy123\Lib_EaBaseBoard\Debug\libLib_EaBaseBoard.a(oled.o)
 .debug_line    0x000017e5      0x30b C:\Users\247680\Documents\wbudy123\Lib_EaBaseBoard\Debug\libLib_EaBaseBoard.a(temp.o)
 .debug_line    0x00001af0       0x78 C:\Users\247680\Documents\wbudy123\Lib_EaBaseBoard\Debug\libLib_EaBaseBoard.a(font5x7.o)
 .debug_line    0x00001b68      0x2cd C:\Users\247680\Documents\wbudy123\Lib_MCU\Debug\libLib_MCU.a(adc.o)
 .debug_line    0x00001e35      0x748 C:\Users\247680\Documents\wbudy123\Lib_MCU\Debug\libLib_MCU.a(gpio.o)
 .debug_line    0x0000257d      0x4c5 C:\Users\247680\Documents\wbudy123\Lib_MCU\Debug\libLib_MCU.a(i2c.o)
 .debug_line    0x00002a42      0x3e6 C:\Users\247680\Documents\wbudy123\Lib_MCU\Debug\libLib_MCU.a(ssp.o)
 .debug_line    0x00002e28      0x4b3 C:\Users\247680\Documents\wbudy123\Lib_MCU\Debug\libLib_MCU.a(timer32.o)
 .debug_line    0x000032db      0x3ed C:\Users\247680\Documents\wbudy123\Lib_MCU\Debug\libLib_MCU.a(uart.o)
 .debug_line    0x000036c8      0x56b C:\Users\247680\Documents\wbudy123\Lib_CMSISv1p30_LPC13xx\Debug\libLib_CMSISv1p30_LPC13xx.a(system_LPC13xx.o)

.debug_str      0x00000000     0xb0b6
 .debug_str     0x00000000     0x4576 ./src/cr_startup_lpc13.o
                               0x4619 (size before relaxing)
 .debug_str     0x00004576     0x4a34 ./src/main.o
                               0x8f33 (size before relaxing)
 .debug_str     0x00008faa      0x117 C:\Users\247680\Documents\wbudy123\Lib_EaBaseBoard\Debug\libLib_EaBaseBoard.a(joystick.o)
                               0x7ab0 (size before relaxing)
 .debug_str     0x000090c1      0x3ec C:\Users\247680\Documents\wbudy123\Lib_EaBaseBoard\Debug\libLib_EaBaseBoard.a(light.o)
                               0x80a7 (size before relaxing)
 .debug_str     0x000094ad      0x2f4 C:\Users\247680\Documents\wbudy123\Lib_EaBaseBoard\Debug\libLib_EaBaseBoard.a(oled.o)
                               0x8335 (size before relaxing)
 .debug_str     0x000097a1       0xfe C:\Users\247680\Documents\wbudy123\Lib_EaBaseBoard\Debug\libLib_EaBaseBoard.a(temp.o)
                               0x7b4e (size before relaxing)
 .debug_str     0x0000989f      0xe21 C:\Users\247680\Documents\wbudy123\Lib_EaBaseBoard\Debug\libLib_EaBaseBoard.a(font5x7.o)
                               0x3bd1 (size before relaxing)
 .debug_str     0x0000a6c0      0x21c C:\Users\247680\Documents\wbudy123\Lib_MCU\Debug\libLib_MCU.a(adc.o)
                               0x7f19 (size before relaxing)
 .debug_str     0x0000a8dc       0xf5 C:\Users\247680\Documents\wbudy123\Lib_MCU\Debug\libLib_MCU.a(gpio.o)
                               0x8159 (size before relaxing)
 .debug_str     0x0000a9d1      0x161 C:\Users\247680\Documents\wbudy123\Lib_MCU\Debug\libLib_MCU.a(i2c.o)
                               0x8587 (size before relaxing)
 .debug_str     0x0000ab32       0x94 C:\Users\247680\Documents\wbudy123\Lib_MCU\Debug\libLib_MCU.a(ssp.o)
                               0x85a0 (size before relaxing)
 .debug_str     0x0000abc6       0x8e C:\Users\247680\Documents\wbudy123\Lib_MCU\Debug\libLib_MCU.a(timer32.o)
                               0x82b5 (size before relaxing)
 .debug_str     0x0000ac54       0xa1 C:\Users\247680\Documents\wbudy123\Lib_MCU\Debug\libLib_MCU.a(uart.o)
                               0x83ed (size before relaxing)
 .debug_str     0x0000acf5      0x3c1 C:\Users\247680\Documents\wbudy123\Lib_CMSISv1p30_LPC13xx\Debug\libLib_CMSISv1p30_LPC13xx.a(system_LPC13xx.o)
                               0x7fb2 (size before relaxing)

.comment        0x00000000       0x4c
 .comment       0x00000000       0x4c ./src/cr_startup_lpc13.o
                                 0x4d (size before relaxing)
 .comment       0x0000004c       0x4d ./src/main.o
 .comment       0x0000004c       0x4d C:\Users\247680\Documents\wbudy123\Lib_EaBaseBoard\Debug\libLib_EaBaseBoard.a(joystick.o)
 .comment       0x0000004c       0x4d C:\Users\247680\Documents\wbudy123\Lib_EaBaseBoard\Debug\libLib_EaBaseBoard.a(light.o)
 .comment       0x0000004c       0x4d C:\Users\247680\Documents\wbudy123\Lib_EaBaseBoard\Debug\libLib_EaBaseBoard.a(oled.o)
 .comment       0x0000004c       0x4d C:\Users\247680\Documents\wbudy123\Lib_EaBaseBoard\Debug\libLib_EaBaseBoard.a(temp.o)
 .comment       0x0000004c       0x4d C:\Users\247680\Documents\wbudy123\Lib_EaBaseBoard\Debug\libLib_EaBaseBoard.a(font5x7.o)
 .comment       0x0000004c       0x4d C:\Users\247680\Documents\wbudy123\Lib_MCU\Debug\libLib_MCU.a(adc.o)
 .comment       0x0000004c       0x4d C:\Users\247680\Documents\wbudy123\Lib_MCU\Debug\libLib_MCU.a(gpio.o)
 .comment       0x0000004c       0x4d C:\Users\247680\Documents\wbudy123\Lib_MCU\Debug\libLib_MCU.a(i2c.o)
 .comment       0x0000004c       0x4d C:\Users\247680\Documents\wbudy123\Lib_MCU\Debug\libLib_MCU.a(ssp.o)
 .comment       0x0000004c       0x4d C:\Users\247680\Documents\wbudy123\Lib_MCU\Debug\libLib_MCU.a(timer32.o)
 .comment       0x0000004c       0x4d C:\Users\247680\Documents\wbudy123\Lib_MCU\Debug\libLib_MCU.a(uart.o)
 .comment       0x0000004c       0x4d C:\Users\247680\Documents\wbudy123\Lib_CMSISv1p30_LPC13xx\Debug\libLib_CMSISv1p30_LPC13xx.a(system_LPC13xx.o)
 .comment       0x0000004c       0x4d c:/nxp/mcuxpressoide_11.3.1_5262/ide/plugins/com.nxp.mcuxpresso.tools.win32_11.3.0.202008311133/tools/bin/../lib/gcc/arm-none-eabi/9.3.1/../../../../arm-none-eabi/lib/thumb/v7-m/nofp\libcr_semihost.a(_cr__main.o)
 .comment       0x0000004c       0x4d c:/nxp/mcuxpressoide_11.3.1_5262/ide/plugins/com.nxp.mcuxpresso.tools.win32_11.3.0.202008311133/tools/bin/../lib/gcc/arm-none-eabi/9.3.1/../../../../arm-none-eabi/lib/thumb/v7-m/nofp\libcr_c.a(memset.o)
 .comment       0x0000004c       0x4d c:/nxp/mcuxpressoide_11.3.1_5262/ide/plugins/com.nxp.mcuxpresso.tools.win32_11.3.0.202008311133/tools/bin/../lib/gcc/arm-none-eabi/9.3.1/../../../../arm-none-eabi/lib/thumb/v7-m/nofp\libcr_c.a(initio.o)
 .comment       0x0000004c       0x4d c:/nxp/mcuxpressoide_11.3.1_5262/ide/plugins/com.nxp.mcuxpresso.tools.win32_11.3.0.202008311133/tools/bin/../lib/gcc/arm-none-eabi/9.3.1/../../../../arm-none-eabi/lib/thumb/v7-m/nofp\libcr_c.a(setvbuf.o)
 .comment       0x0000004c       0x4d c:/nxp/mcuxpressoide_11.3.1_5262/ide/plugins/com.nxp.mcuxpresso.tools.win32_11.3.0.202008311133/tools/bin/../lib/gcc/arm-none-eabi/9.3.1/../../../../arm-none-eabi/lib/thumb/v7-m/nofp\libcr_c.a(_fdopen.o)
 .comment       0x0000004c       0x4d c:/nxp/mcuxpressoide_11.3.1_5262/ide/plugins/com.nxp.mcuxpresso.tools.win32_11.3.0.202008311133/tools/bin/../lib/gcc/arm-none-eabi/9.3.1/../../../../arm-none-eabi/lib/thumb/v7-m/nofp\libcr_c.a(fclose.o)
 .comment       0x0000004c       0x4d c:/nxp/mcuxpressoide_11.3.1_5262/ide/plugins/com.nxp.mcuxpresso.tools.win32_11.3.0.202008311133/tools/bin/../lib/gcc/arm-none-eabi/9.3.1/../../../../arm-none-eabi/lib/thumb/v7-m/nofp\libcr_c.a(fflush.o)
 .comment       0x0000004c       0x4d c:/nxp/mcuxpressoide_11.3.1_5262/ide/plugins/com.nxp.mcuxpresso.tools.win32_11.3.0.202008311133/tools/bin/../lib/gcc/arm-none-eabi/9.3.1/../../../../arm-none-eabi/lib/thumb/v7-m/nofp\libcr_c.a(fseek.o)
 .comment       0x0000004c       0x4d c:/nxp/mcuxpressoide_11.3.1_5262/ide/plugins/com.nxp.mcuxpresso.tools.win32_11.3.0.202008311133/tools/bin/../lib/gcc/arm-none-eabi/9.3.1/../../../../arm-none-eabi/lib/thumb/v7-m/nofp\libcr_c.a(ftell.o)
 .comment       0x0000004c       0x4d c:/nxp/mcuxpressoide_11.3.1_5262/ide/plugins/com.nxp.mcuxpresso.tools.win32_11.3.0.202008311133/tools/bin/../lib/gcc/arm-none-eabi/9.3.1/../../../../arm-none-eabi/lib/thumb/v7-m/nofp\libcr_c.a(remove.o)
 .comment       0x0000004c       0x4d c:/nxp/mcuxpressoide_11.3.1_5262/ide/plugins/com.nxp.mcuxpresso.tools.win32_11.3.0.202008311133/tools/bin/../lib/gcc/arm-none-eabi/9.3.1/../../../../arm-none-eabi/lib/thumb/v7-m/nofp\libcr_c.a(strlen.o)
 .comment       0x0000004c       0x4d c:/nxp/mcuxpressoide_11.3.1_5262/ide/plugins/com.nxp.mcuxpresso.tools.win32_11.3.0.202008311133/tools/bin/../lib/gcc/arm-none-eabi/9.3.1/../../../../arm-none-eabi/lib/thumb/v7-m/nofp\libcr_c.a(_do_fflush.o)
 .comment       0x0000004c       0x4d c:/nxp/mcuxpressoide_11.3.1_5262/ide/plugins/com.nxp.mcuxpresso.tools.win32_11.3.0.202008311133/tools/bin/../lib/gcc/arm-none-eabi/9.3.1/../../../../arm-none-eabi/lib/thumb/v7-m/nofp\libcr_c.a(_fflush.o)
 .comment       0x0000004c       0x4d c:/nxp/mcuxpressoide_11.3.1_5262/ide/plugins/com.nxp.mcuxpresso.tools.win32_11.3.0.202008311133/tools/bin/../lib/gcc/arm-none-eabi/9.3.1/../../../../arm-none-eabi/lib/thumb/v7-m/nofp\libcr_c.a(_writebuf.o)
 .comment       0x0000004c       0x4d c:/nxp/mcuxpressoide_11.3.1_5262/ide/plugins/com.nxp.mcuxpresso.tools.win32_11.3.0.202008311133/tools/bin/../lib/gcc/arm-none-eabi/9.3.1/../../../../arm-none-eabi/lib/thumb/v7-m/nofp\libcr_c.a(alloc.o)
 .comment       0x0000004c       0x4d c:/nxp/mcuxpressoide_11.3.1_5262/ide/plugins/com.nxp.mcuxpresso.tools.win32_11.3.0.202008311133/tools/bin/../lib/gcc/arm-none-eabi/9.3.1/../../../../arm-none-eabi/lib/thumb/v7-m/nofp\libcr_c.a(errno.o)
 .comment       0x0000004c       0x4d c:/nxp/mcuxpressoide_11.3.1_5262/ide/plugins/com.nxp.mcuxpresso.tools.win32_11.3.0.202008311133/tools/bin/../lib/gcc/arm-none-eabi/9.3.1/../../../../arm-none-eabi/lib/thumb/v7-m/nofp\libcr_c.a(_deferredlazyseek.o)
 .comment       0x0000004c       0x4d c:/nxp/mcuxpressoide_11.3.1_5262/ide/plugins/com.nxp.mcuxpresso.tools.win32_11.3.0.202008311133/tools/bin/../lib/gcc/arm-none-eabi/9.3.1/thumb/v7-m/nofp\libcr_eabihelpers.a(double.o)
 .comment       0x0000004c       0x4d c:/nxp/mcuxpressoide_11.3.1_5262/ide/plugins/com.nxp.mcuxpresso.tools.win32_11.3.0.202008311133/tools/bin/../lib/gcc/arm-none-eabi/9.3.1/../../../../arm-none-eabi/lib/thumb/v7-m/nofp\libcr_semihost.a(__ciob.o)

.ARM.attributes
                0x00000000       0x2b
 .ARM.attributes
                0x00000000       0x2d ./src/cr_startup_lpc13.o
 .ARM.attributes
                0x0000002d       0x2d ./src/main.o
 .ARM.attributes
                0x0000005a       0x2d C:\Users\247680\Documents\wbudy123\Lib_EaBaseBoard\Debug\libLib_EaBaseBoard.a(joystick.o)
 .ARM.attributes
                0x00000087       0x2d C:\Users\247680\Documents\wbudy123\Lib_EaBaseBoard\Debug\libLib_EaBaseBoard.a(light.o)
 .ARM.attributes
                0x000000b4       0x2d C:\Users\247680\Documents\wbudy123\Lib_EaBaseBoard\Debug\libLib_EaBaseBoard.a(oled.o)
 .ARM.attributes
                0x000000e1       0x2d C:\Users\247680\Documents\wbudy123\Lib_EaBaseBoard\Debug\libLib_EaBaseBoard.a(temp.o)
 .ARM.attributes
                0x0000010e       0x33 C:\Users\247680\Documents\wbudy123\Lib_EaBaseBoard\Debug\libLib_EaBaseBoard.a(font5x7.o)
 .ARM.attributes
                0x00000141       0x2d C:\Users\247680\Documents\wbudy123\Lib_MCU\Debug\libLib_MCU.a(adc.o)
 .ARM.attributes
                0x0000016e       0x2d C:\Users\247680\Documents\wbudy123\Lib_MCU\Debug\libLib_MCU.a(gpio.o)
 .ARM.attributes
                0x0000019b       0x2d C:\Users\247680\Documents\wbudy123\Lib_MCU\Debug\libLib_MCU.a(i2c.o)
 .ARM.attributes
                0x000001c8       0x2d C:\Users\247680\Documents\wbudy123\Lib_MCU\Debug\libLib_MCU.a(ssp.o)
 .ARM.attributes
                0x000001f5       0x2d C:\Users\247680\Documents\wbudy123\Lib_MCU\Debug\libLib_MCU.a(timer32.o)
 .ARM.attributes
                0x00000222       0x2d C:\Users\247680\Documents\wbudy123\Lib_MCU\Debug\libLib_MCU.a(uart.o)
 .ARM.attributes
                0x0000024f       0x2d C:\Users\247680\Documents\wbudy123\Lib_CMSISv1p30_LPC13xx\Debug\libLib_CMSISv1p30_LPC13xx.a(system_LPC13xx.o)
 .ARM.attributes
                0x0000027c       0x2d c:/nxp/mcuxpressoide_11.3.1_5262/ide/plugins/com.nxp.mcuxpresso.tools.win32_11.3.0.202008311133/tools/bin/../lib/gcc/arm-none-eabi/9.3.1/../../../../arm-none-eabi/lib/thumb/v7-m/nofp\libcr_semihost.a(_cr__main.o)
 .ARM.attributes
                0x000002a9       0x2d c:/nxp/mcuxpressoide_11.3.1_5262/ide/plugins/com.nxp.mcuxpresso.tools.win32_11.3.0.202008311133/tools/bin/../lib/gcc/arm-none-eabi/9.3.1/../../../../arm-none-eabi/lib/thumb/v7-m/nofp\libcr_c.a(memset.o)
 .ARM.attributes
                0x000002d6       0x2d c:/nxp/mcuxpressoide_11.3.1_5262/ide/plugins/com.nxp.mcuxpresso.tools.win32_11.3.0.202008311133/tools/bin/../lib/gcc/arm-none-eabi/9.3.1/../../../../arm-none-eabi/lib/thumb/v7-m/nofp\libcr_c.a(initio.o)
 .ARM.attributes
                0x00000303       0x2d c:/nxp/mcuxpressoide_11.3.1_5262/ide/plugins/com.nxp.mcuxpresso.tools.win32_11.3.0.202008311133/tools/bin/../lib/gcc/arm-none-eabi/9.3.1/../../../../arm-none-eabi/lib/thumb/v7-m/nofp\libcr_c.a(setvbuf.o)
 .ARM.attributes
                0x00000330       0x2d c:/nxp/mcuxpressoide_11.3.1_5262/ide/plugins/com.nxp.mcuxpresso.tools.win32_11.3.0.202008311133/tools/bin/../lib/gcc/arm-none-eabi/9.3.1/../../../../arm-none-eabi/lib/thumb/v7-m/nofp\libcr_c.a(_fdopen.o)
 .ARM.attributes
                0x0000035d       0x2d c:/nxp/mcuxpressoide_11.3.1_5262/ide/plugins/com.nxp.mcuxpresso.tools.win32_11.3.0.202008311133/tools/bin/../lib/gcc/arm-none-eabi/9.3.1/../../../../arm-none-eabi/lib/thumb/v7-m/nofp\libcr_c.a(fclose.o)
 .ARM.attributes
                0x0000038a       0x2d c:/nxp/mcuxpressoide_11.3.1_5262/ide/plugins/com.nxp.mcuxpresso.tools.win32_11.3.0.202008311133/tools/bin/../lib/gcc/arm-none-eabi/9.3.1/../../../../arm-none-eabi/lib/thumb/v7-m/nofp\libcr_c.a(fflush.o)
 .ARM.attributes
                0x000003b7       0x2d c:/nxp/mcuxpressoide_11.3.1_5262/ide/plugins/com.nxp.mcuxpresso.tools.win32_11.3.0.202008311133/tools/bin/../lib/gcc/arm-none-eabi/9.3.1/../../../../arm-none-eabi/lib/thumb/v7-m/nofp\libcr_c.a(fseek.o)
 .ARM.attributes
                0x000003e4       0x2d c:/nxp/mcuxpressoide_11.3.1_5262/ide/plugins/com.nxp.mcuxpresso.tools.win32_11.3.0.202008311133/tools/bin/../lib/gcc/arm-none-eabi/9.3.1/../../../../arm-none-eabi/lib/thumb/v7-m/nofp\libcr_c.a(ftell.o)
 .ARM.attributes
                0x00000411       0x2d c:/nxp/mcuxpressoide_11.3.1_5262/ide/plugins/com.nxp.mcuxpresso.tools.win32_11.3.0.202008311133/tools/bin/../lib/gcc/arm-none-eabi/9.3.1/../../../../arm-none-eabi/lib/thumb/v7-m/nofp\libcr_c.a(remove.o)
 .ARM.attributes
                0x0000043e       0x2d c:/nxp/mcuxpressoide_11.3.1_5262/ide/plugins/com.nxp.mcuxpresso.tools.win32_11.3.0.202008311133/tools/bin/../lib/gcc/arm-none-eabi/9.3.1/../../../../arm-none-eabi/lib/thumb/v7-m/nofp\libcr_c.a(strlen.o)
 .ARM.attributes
                0x0000046b       0x2d c:/nxp/mcuxpressoide_11.3.1_5262/ide/plugins/com.nxp.mcuxpresso.tools.win32_11.3.0.202008311133/tools/bin/../lib/gcc/arm-none-eabi/9.3.1/../../../../arm-none-eabi/lib/thumb/v7-m/nofp\libcr_c.a(_do_fflush.o)
 .ARM.attributes
                0x00000498       0x2d c:/nxp/mcuxpressoide_11.3.1_5262/ide/plugins/com.nxp.mcuxpresso.tools.win32_11.3.0.202008311133/tools/bin/../lib/gcc/arm-none-eabi/9.3.1/../../../../arm-none-eabi/lib/thumb/v7-m/nofp\libcr_c.a(_fflush.o)
 .ARM.attributes
                0x000004c5       0x2d c:/nxp/mcuxpressoide_11.3.1_5262/ide/plugins/com.nxp.mcuxpresso.tools.win32_11.3.0.202008311133/tools/bin/../lib/gcc/arm-none-eabi/9.3.1/../../../../arm-none-eabi/lib/thumb/v7-m/nofp\libcr_c.a(_writebuf.o)
 .ARM.attributes
                0x000004f2       0x2d c:/nxp/mcuxpressoide_11.3.1_5262/ide/plugins/com.nxp.mcuxpresso.tools.win32_11.3.0.202008311133/tools/bin/../lib/gcc/arm-none-eabi/9.3.1/../../../../arm-none-eabi/lib/thumb/v7-m/nofp\libcr_c.a(alloc.o)
 .ARM.attributes
                0x0000051f       0x33 c:/nxp/mcuxpressoide_11.3.1_5262/ide/plugins/com.nxp.mcuxpresso.tools.win32_11.3.0.202008311133/tools/bin/../lib/gcc/arm-none-eabi/9.3.1/../../../../arm-none-eabi/lib/thumb/v7-m/nofp\libcr_c.a(errno.o)
 .ARM.attributes
                0x00000552       0x2d c:/nxp/mcuxpressoide_11.3.1_5262/ide/plugins/com.nxp.mcuxpresso.tools.win32_11.3.0.202008311133/tools/bin/../lib/gcc/arm-none-eabi/9.3.1/../../../../arm-none-eabi/lib/thumb/v7-m/nofp\libcr_c.a(_deferredlazyseek.o)
 .ARM.attributes
                0x0000057f       0x2d c:/nxp/mcuxpressoide_11.3.1_5262/ide/plugins/com.nxp.mcuxpresso.tools.win32_11.3.0.202008311133/tools/bin/../lib/gcc/arm-none-eabi/9.3.1/thumb/v7-m/nofp\libcr_eabihelpers.a(double.o)
 .ARM.attributes
                0x000005ac       0x1b c:/nxp/mcuxpressoide_11.3.1_5262/ide/plugins/com.nxp.mcuxpresso.tools.win32_11.3.0.202008311133/tools/bin/../lib/gcc/arm-none-eabi/9.3.1/thumb/v7-m/nofp\libcr_eabihelpers.a(memcpy.o)
 .ARM.attributes
                0x000005c7       0x33 c:/nxp/mcuxpressoide_11.3.1_5262/ide/plugins/com.nxp.mcuxpresso.tools.win32_11.3.0.202008311133/tools/bin/../lib/gcc/arm-none-eabi/9.3.1/../../../../arm-none-eabi/lib/thumb/v7-m/nofp\libcr_semihost.a(__ciob.o)
 .ARM.attributes
                0x000005fa       0x1b c:/nxp/mcuxpressoide_11.3.1_5262/ide/plugins/com.nxp.mcuxpresso.tools.win32_11.3.0.202008311133/tools/bin/../lib/gcc/arm-none-eabi/9.3.1/../../../../arm-none-eabi/lib/thumb/v7-m/nofp\libcr_semihost.a(__sys_close.o)
 .ARM.attributes
                0x00000615       0x1b c:/nxp/mcuxpressoide_11.3.1_5262/ide/plugins/com.nxp.mcuxpresso.tools.win32_11.3.0.202008311133/tools/bin/../lib/gcc/arm-none-eabi/9.3.1/../../../../arm-none-eabi/lib/thumb/v7-m/nofp\libcr_semihost.a(__sys_flen.o)
 .ARM.attributes
                0x00000630       0x1b c:/nxp/mcuxpressoide_11.3.1_5262/ide/plugins/com.nxp.mcuxpresso.tools.win32_11.3.0.202008311133/tools/bin/../lib/gcc/arm-none-eabi/9.3.1/../../../../arm-none-eabi/lib/thumb/v7-m/nofp\libcr_semihost.a(__sys_istty.o)
 .ARM.attributes
                0x0000064b       0x1b c:/nxp/mcuxpressoide_11.3.1_5262/ide/plugins/com.nxp.mcuxpresso.tools.win32_11.3.0.202008311133/tools/bin/../lib/gcc/arm-none-eabi/9.3.1/../../../../arm-none-eabi/lib/thumb/v7-m/nofp\libcr_semihost.a(__sys_remove.o)
 .ARM.attributes
                0x00000666       0x1b c:/nxp/mcuxpressoide_11.3.1_5262/ide/plugins/com.nxp.mcuxpresso.tools.win32_11.3.0.202008311133/tools/bin/../lib/gcc/arm-none-eabi/9.3.1/../../../../arm-none-eabi/lib/thumb/v7-m/nofp\libcr_semihost.a(__sys_seek.o)
 .ARM.attributes
                0x00000681       0x1b c:/nxp/mcuxpressoide_11.3.1_5262/ide/plugins/com.nxp.mcuxpresso.tools.win32_11.3.0.202008311133/tools/bin/../lib/gcc/arm-none-eabi/9.3.1/../../../../arm-none-eabi/lib/thumb/v7-m/nofp\libcr_semihost.a(__sys_tmpnam.o)
 .ARM.attributes
                0x0000069c       0x1b c:/nxp/mcuxpressoide_11.3.1_5262/ide/plugins/com.nxp.mcuxpresso.tools.win32_11.3.0.202008311133/tools/bin/../lib/gcc/arm-none-eabi/9.3.1/../../../../arm-none-eabi/lib/thumb/v7-m/nofp\libcr_semihost.a(__sys_write.o)

.debug_frame    0x00000000      0xc78
 .debug_frame   0x00000000       0xc8 ./src/cr_startup_lpc13.o
 .debug_frame   0x000000c8       0x7c ./src/main.o
 .debug_frame   0x00000144       0x50 C:\Users\247680\Documents\wbudy123\Lib_EaBaseBoard\Debug\libLib_EaBaseBoard.a(joystick.o)
 .debug_frame   0x00000194      0x204 C:\Users\247680\Documents\wbudy123\Lib_EaBaseBoard\Debug\libLib_EaBaseBoard.a(light.o)
 .debug_frame   0x00000398      0x244 C:\Users\247680\Documents\wbudy123\Lib_EaBaseBoard\Debug\libLib_EaBaseBoard.a(oled.o)
 .debug_frame   0x000005dc       0x58 C:\Users\247680\Documents\wbudy123\Lib_EaBaseBoard\Debug\libLib_EaBaseBoard.a(temp.o)
 .debug_frame   0x00000634       0x80 C:\Users\247680\Documents\wbudy123\Lib_MCU\Debug\libLib_MCU.a(adc.o)
 .debug_frame   0x000006b4      0x194 C:\Users\247680\Documents\wbudy123\Lib_MCU\Debug\libLib_MCU.a(gpio.o)
 .debug_frame   0x00000848      0x134 C:\Users\247680\Documents\wbudy123\Lib_MCU\Debug\libLib_MCU.a(i2c.o)
 .debug_frame   0x0000097c       0xd4 C:\Users\247680\Documents\wbudy123\Lib_MCU\Debug\libLib_MCU.a(ssp.o)
 .debug_frame   0x00000a50      0x124 C:\Users\247680\Documents\wbudy123\Lib_MCU\Debug\libLib_MCU.a(timer32.o)
 .debug_frame   0x00000b74       0xd4 C:\Users\247680\Documents\wbudy123\Lib_MCU\Debug\libLib_MCU.a(uart.o)
 .debug_frame   0x00000c48       0x30 C:\Users\247680\Documents\wbudy123\Lib_CMSISv1p30_LPC13xx\Debug\libLib_CMSISv1p30_LPC13xx.a(system_LPC13xx.o)
